Archive member included to satisfy reference by file (symbol)

e:/stm32ide/stm32cubeide_1.11.0/stm32cubeide/plugins/com.st.stm32cube.ide.mcu.externaltools.gnu-tools-for-stm32.10.3-2021.10.win32_1.0.100.202210260954/tools/bin/../lib/gcc/arm-none-eabi/10.3.1/../../../../arm-none-eabi/lib/thumb/v7-m/nofp\libc_nano.a(lib_a-errno.o)
                              ./Core/Src/syscalls.o (__errno)
e:/stm32ide/stm32cubeide_1.11.0/stm32cubeide/plugins/com.st.stm32cube.ide.mcu.externaltools.gnu-tools-for-stm32.10.3-2021.10.win32_1.0.100.202210260954/tools/bin/../lib/gcc/arm-none-eabi/10.3.1/../../../../arm-none-eabi/lib/thumb/v7-m/nofp\libc_nano.a(lib_a-exit.o)
                              e:/stm32ide/stm32cubeide_1.11.0/stm32cubeide/plugins/com.st.stm32cube.ide.mcu.externaltools.gnu-tools-for-stm32.10.3-2021.10.win32_1.0.100.202210260954/tools/bin/../lib/gcc/arm-none-eabi/10.3.1/../../../../arm-none-eabi/lib/thumb/v7-m/nofp/crt0.o (exit)
e:/stm32ide/stm32cubeide_1.11.0/stm32cubeide/plugins/com.st.stm32cube.ide.mcu.externaltools.gnu-tools-for-stm32.10.3-2021.10.win32_1.0.100.202210260954/tools/bin/../lib/gcc/arm-none-eabi/10.3.1/../../../../arm-none-eabi/lib/thumb/v7-m/nofp\libc_nano.a(lib_a-impure.o)
                              e:/stm32ide/stm32cubeide_1.11.0/stm32cubeide/plugins/com.st.stm32cube.ide.mcu.externaltools.gnu-tools-for-stm32.10.3-2021.10.win32_1.0.100.202210260954/tools/bin/../lib/gcc/arm-none-eabi/10.3.1/../../../../arm-none-eabi/lib/thumb/v7-m/nofp\libc_nano.a(lib_a-exit.o) (_global_impure_ptr)
e:/stm32ide/stm32cubeide_1.11.0/stm32cubeide/plugins/com.st.stm32cube.ide.mcu.externaltools.gnu-tools-for-stm32.10.3-2021.10.win32_1.0.100.202210260954/tools/bin/../lib/gcc/arm-none-eabi/10.3.1/../../../../arm-none-eabi/lib/thumb/v7-m/nofp\libc_nano.a(lib_a-init.o)
                              e:/stm32ide/stm32cubeide_1.11.0/stm32cubeide/plugins/com.st.stm32cube.ide.mcu.externaltools.gnu-tools-for-stm32.10.3-2021.10.win32_1.0.100.202210260954/tools/bin/../lib/gcc/arm-none-eabi/10.3.1/../../../../arm-none-eabi/lib/thumb/v7-m/nofp/crt0.o (__libc_init_array)
e:/stm32ide/stm32cubeide_1.11.0/stm32cubeide/plugins/com.st.stm32cube.ide.mcu.externaltools.gnu-tools-for-stm32.10.3-2021.10.win32_1.0.100.202210260954/tools/bin/../lib/gcc/arm-none-eabi/10.3.1/../../../../arm-none-eabi/lib/thumb/v7-m/nofp\libc_nano.a(lib_a-memset.o)
                              e:/stm32ide/stm32cubeide_1.11.0/stm32cubeide/plugins/com.st.stm32cube.ide.mcu.externaltools.gnu-tools-for-stm32.10.3-2021.10.win32_1.0.100.202210260954/tools/bin/../lib/gcc/arm-none-eabi/10.3.1/../../../../arm-none-eabi/lib/thumb/v7-m/nofp/crt0.o (memset)
e:/stm32ide/stm32cubeide_1.11.0/stm32cubeide/plugins/com.st.stm32cube.ide.mcu.externaltools.gnu-tools-for-stm32.10.3-2021.10.win32_1.0.100.202210260954/tools/bin/../lib/gcc/arm-none-eabi/10.3.1/../../../../arm-none-eabi/lib/thumb/v7-m/nofp\libc_nano.a(lib_a-sprintf.o)
                              ./Core/Src/fsm.o (sprintf)
e:/stm32ide/stm32cubeide_1.11.0/stm32cubeide/plugins/com.st.stm32cube.ide.mcu.externaltools.gnu-tools-for-stm32.10.3-2021.10.win32_1.0.100.202210260954/tools/bin/../lib/gcc/arm-none-eabi/10.3.1/../../../../arm-none-eabi/lib/thumb/v7-m/nofp\libc_nano.a(lib_a-strlen.o)
                              ./Core/Src/fsm.o (strlen)
e:/stm32ide/stm32cubeide_1.11.0/stm32cubeide/plugins/com.st.stm32cube.ide.mcu.externaltools.gnu-tools-for-stm32.10.3-2021.10.win32_1.0.100.202210260954/tools/bin/../lib/gcc/arm-none-eabi/10.3.1/../../../../arm-none-eabi/lib/thumb/v7-m/nofp\libc_nano.a(lib_a-nano-svfprintf.o)
                              e:/stm32ide/stm32cubeide_1.11.0/stm32cubeide/plugins/com.st.stm32cube.ide.mcu.externaltools.gnu-tools-for-stm32.10.3-2021.10.win32_1.0.100.202210260954/tools/bin/../lib/gcc/arm-none-eabi/10.3.1/../../../../arm-none-eabi/lib/thumb/v7-m/nofp\libc_nano.a(lib_a-sprintf.o) (_svfprintf_r)
e:/stm32ide/stm32cubeide_1.11.0/stm32cubeide/plugins/com.st.stm32cube.ide.mcu.externaltools.gnu-tools-for-stm32.10.3-2021.10.win32_1.0.100.202210260954/tools/bin/../lib/gcc/arm-none-eabi/10.3.1/../../../../arm-none-eabi/lib/thumb/v7-m/nofp\libc_nano.a(lib_a-nano-vfprintf_i.o)
                              e:/stm32ide/stm32cubeide_1.11.0/stm32cubeide/plugins/com.st.stm32cube.ide.mcu.externaltools.gnu-tools-for-stm32.10.3-2021.10.win32_1.0.100.202210260954/tools/bin/../lib/gcc/arm-none-eabi/10.3.1/../../../../arm-none-eabi/lib/thumb/v7-m/nofp\libc_nano.a(lib_a-nano-svfprintf.o) (_printf_i)
e:/stm32ide/stm32cubeide_1.11.0/stm32cubeide/plugins/com.st.stm32cube.ide.mcu.externaltools.gnu-tools-for-stm32.10.3-2021.10.win32_1.0.100.202210260954/tools/bin/../lib/gcc/arm-none-eabi/10.3.1/../../../../arm-none-eabi/lib/thumb/v7-m/nofp\libc_nano.a(lib_a-memchr-stub.o)
[...]
Memory Configuration

Name             Origin             Length             Attributes
RAM              0x0000000020000000 0x0000000000002800 xrw
FLASH            0x0000000008000000 0x0000000000008000 xr
*default*        0x0000000000000000 0xffffffffffffffff

Linker script and memory map

LOAD e:/stm32ide/stm32cubeide_1.11.0/stm32cubeide/plugins/com.st.stm32cube.ide.mcu.externaltools.gnu-tools-for-stm32.10.3-2021.10.win32_1.0.100.202210260954/tools/bin/../lib/gcc/arm-none-eabi/10.3.1/thumb/v7-m/nofp/crti.o
LOAD e:/stm32ide/stm32cubeide_1.11.0/stm32cubeide/plugins/com.st.stm32cube.ide.mcu.externaltools.gnu-tools-for-stm32.10.3-2021.10.win32_1.0.100.202210260954/tools/bin/../lib/gcc/arm-none-eabi/10.3.1/thumb/v7-m/nofp/crtbegin.o
LOAD e:/stm32ide/stm32cubeide_1.11.0/stm32cubeide/plugins/com.st.stm32cube.ide.mcu.externaltools.gnu-tools-for-stm32.10.3-2021.10.win32_1.0.100.202210260954/tools/bin/../lib/gcc/arm-none-eabi/10.3.1/../../../../arm-none-eabi/lib/thumb/v7-m/nofp/crt0.o
LOAD ./Core/Src/fsm.o
LOAD ./Core/Src/main.o
LOAD ./Core/Src/stm32f1xx_hal_msp.o
LOAD ./Core/Src/stm32f1xx_it.o
LOAD ./Core/Src/syscalls.o
LOAD ./Core/Src/sysmem.o
LOAD ./Core/Src/system_stm32f1xx.o
LOAD ./Core/Src/timer.o
LOAD ./Core/Startup/startup_stm32f103c6tx.o
LOAD ./Drivers/STM32F1xx_HAL_Driver/Src/stm32f1xx_hal.o
LOAD ./Drivers/STM32F1xx_HAL_Driver/Src/stm32f1xx_hal_adc.o
LOAD ./Drivers/STM32F1xx_HAL_Driver/Src/stm32f1xx_hal_adc_ex.o
LOAD ./Drivers/STM32F1xx_HAL_Driver/Src/stm32f1xx_hal_cortex.o
LOAD ./Drivers/STM32F1xx_HAL_Driver/Src/stm32f1xx_hal_dma.o
LOAD ./Drivers/STM32F1xx_HAL_Driver/Src/stm32f1xx_hal_exti.o
LOAD ./Drivers/STM32F1xx_HAL_Driver/Src/stm32f1xx_hal_flash.o
LOAD ./Drivers/STM32F1xx_HAL_Driver/Src/stm32f1xx_hal_flash_ex.o
LOAD ./Drivers/STM32F1xx_HAL_Driver/Src/stm32f1xx_hal_gpio.o
LOAD ./Drivers/STM32F1xx_HAL_Driver/Src/stm32f1xx_hal_gpio_ex.o
LOAD ./Drivers/STM32F1xx_HAL_Driver/Src/stm32f1xx_hal_pwr.o
LOAD ./Drivers/STM32F1xx_HAL_Driver/Src/stm32f1xx_hal_rcc.o
LOAD ./Drivers/STM32F1xx_HAL_Driver/Src/stm32f1xx_hal_rcc_ex.o
LOAD ./Drivers/STM32F1xx_HAL_Driver/Src/stm32f1xx_hal_tim.o
LOAD ./Drivers/STM32F1xx_HAL_Driver/Src/stm32f1xx_hal_tim_ex.o
LOAD ./Drivers/STM32F1xx_HAL_Driver/Src/stm32f1xx_hal_uart.o
START GROUP
LOAD e:/stm32ide/stm32cubeide_1.11.0/stm32cubeide/plugins/com.st.stm32cube.ide.mcu.externaltools.gnu-tools-for-stm32.10.3-2021.10.win32_1.0.100.202210260954/tools/bin/../lib/gcc/arm-none-eabi/10.3.1/../../../../arm-none-eabi/lib/thumb/v7-m/nofp\libc_nano.a
LOAD e:/stm32ide/stm32cubeide_1.11.0/stm32cubeide/plugins/com.st.stm32cube.ide.mcu.externaltools.gnu-tools-for-stm32.10.3-2021.10.win32_1.0.100.202210260954/tools/bin/../lib/gcc/arm-none-eabi/10.3.1/../../../../arm-none-eabi/lib/thumb/v7-m/nofp\libm.a
END GROUP
START GROUP
LOAD e:/stm32ide/stm32cubeide_1.11.0/stm32cubeide/plugins/com.st.stm32cube.ide.mcu.externaltools.gnu-tools-for-stm32.10.3-2021.10.win32_1.0.100.202210260954/tools/bin/../lib/gcc/arm-none-eabi/10.3.1/thumb/v7-m/nofp\libgcc.a
LOAD e:/stm32ide/stm32cubeide_1.11.0/stm32cubeide/plugins/com.st.stm32cube.ide.mcu.externaltools.gnu-tools-for-stm32.10.3-2021.10.win32_1.0.100.202210260954/tools/bin/../lib/gcc/arm-none-eabi/10.3.1/../../../../arm-none-eabi/lib/thumb/v7-m/nofp\libc_nano.a
END GROUP
START GROUP
LOAD e:/stm32ide/stm32cubeide_1.11.0/stm32cubeide/plugins/com.st.stm32cube.ide.mcu.externaltools.gnu-tools-for-stm32.10.3-2021.10.win32_1.0.100.202210260954/tools/bin/../lib/gcc/arm-none-eabi/10.3.1/thumb/v7-m/nofp\libgcc.a
LOAD e:/stm32ide/stm32cubeide_1.11.0/stm32cubeide/plugins/com.st.stm32cube.ide.mcu.externaltools.gnu-tools-for-stm32.10.3-2021.10.win32_1.0.100.202210260954/tools/bin/../lib/gcc/arm-none-eabi/10.3.1/../../../../arm-none-eabi/lib/thumb/v7-m/nofp\libc_nano.a
LOAD e:/stm32ide/stm32cubeide_1.11.0/stm32cubeide/plugins/com.st.stm32cube.ide.mcu.externaltools.gnu-tools-for-stm32.10.3-2021.10.win32_1.0.100.202210260954/tools/bin/../lib/gcc/arm-none-eabi/10.3.1/../../../../arm-none-eabi/lib/thumb/v7-m/nofp\libnosys.a
END GROUP
START GROUP
LOAD e:/stm32ide/stm32cubeide_1.11.0/stm32cubeide/plugins/com.st.stm32cube.ide.mcu.externaltools.gnu-tools-for-stm32.10.3-2021.10.win32_1.0.100.202210260954/tools/bin/../lib/gcc/arm-none-eabi/10.3.1/thumb/v7-m/nofp\libgcc.a
LOAD e:/stm32ide/stm32cubeide_1.11.0/stm32cubeide/plugins/com.st.stm32cube.ide.mcu.externaltools.gnu-tools-for-stm32.10.3-2021.10.win32_1.0.100.202210260954/tools/bin/../lib/gcc/arm-none-eabi/10.3.1/../../../../arm-none-eabi/lib/thumb/v7-m/nofp\libc_nano.a
LOAD e:/stm32ide/stm32cubeide_1.11.0/stm32cubeide/plugins/com.st.stm32cube.ide.mcu.externaltools.gnu-tools-for-stm32.10.3-2021.10.win32_1.0.100.202210260954/tools/bin/../lib/gcc/arm-none-eabi/10.3.1/../../../../arm-none-eabi/lib/thumb/v7-m/nofp\libnosys.a
END GROUP
LOAD e:/stm32ide/stm32cubeide_1.11.0/stm32cubeide/plugins/com.st.stm32cube.ide.mcu.externaltools.gnu-tools-for-stm32.10.3-2021.10.win32_1.0.100.202210260954/tools/bin/../lib/gcc/arm-none-eabi/10.3.1/thumb/v7-m/nofp/crtend.o
LOAD e:/stm32ide/stm32cubeide_1.11.0/stm32cubeide/plugins/com.st.stm32cube.ide.mcu.externaltools.gnu-tools-for-stm32.10.3-2021.10.win32_1.0.100.202210260954/tools/bin/../lib/gcc/arm-none-eabi/10.3.1/thumb/v7-m/nofp/crtn.o
                0x0000000020002800                _estack = (ORIGIN (RAM) + LENGTH (RAM))
                0x0000000000000200                _Min_Heap_Size = 0x200
                0x0000000000000400                _Min_Stack_Size = 0x400

.isr_vector     0x0000000008000000      0x10c
                0x0000000008000000                . = ALIGN (0x4)
 *(.isr_vector)
 .isr_vector    0x0000000008000000      0x10c ./Core/Startup/startup_stm32f103c6tx.o
                0x0000000008000000                g_pfnVectors
                0x000000000800010c                . = ALIGN (0x4)

.text           0x000000000800010c     0x3fb4
                0x000000000800010c                . = ALIGN (0x4)
 *(.text)
 .text          0x000000000800010c       0x40 e:/stm32ide/stm32cubeide_1.11.0/stm32cubeide/plugins/com.st.stm32cube.ide.mcu.externaltools.gnu-tools-for-stm32.10.3-2021.10.win32_1.0.100.202210260954/tools/bin/../lib/gcc/arm-none-eabi/10.3.1/thumb/v7-m/nofp/crtbegin.o
 .text          0x000000000800014c       0x10 e:/stm32ide/stm32cubeide_1.11.0/stm32cubeide/plugins/com.st.stm32cube.ide.mcu.externaltools.gnu-tools-for-stm32.10.3-2021.10.win32_1.0.100.202210260954/tools/bin/../lib/gcc/arm-none-eabi/10.3.1/../../../../arm-none-eabi/lib/thumb/v7-m/nofp\libc_nano.a(lib_a-strlen.o)
                0x000000000800014c                strlen
 *(.text*)
 .text.init_parser_fsm
                0x000000000800015c       0x20 ./Core/Src/fsm.o
                0x000000000800015c                init_parser_fsm
 .text.nextIndex
                0x000000000800017c       0x26 ./Core/Src/fsm.o
                0x000000000800017c                nextIndex
 *fill*         0x00000000080001a2        0x2 
 .text.send_value
                0x00000000080001a4       0x48 ./Core/Src/fsm.o
                0x00000000080001a4                send_value
 .text.resend_value
                0x00000000080001ec       0x24 ./Core/Src/fsm.o
                0x00000000080001ec                resend_value
 .text.parser_fsm
                0x0000000008000210      0x1c4 ./Core/Src/fsm.o
                0x0000000008000210                parser_fsm
 .text.uart_fsm
                0x00000000080003d4       0x84 ./Core/Src/fsm.o
                0x00000000080003d4                uart_fsm
 .text.HAL_UART_RxCpltCallback
                0x0000000008000458       0x74 ./Core/Src/fsm.o
                0x0000000008000458                HAL_UART_RxCpltCallback
 .text.main     0x00000000080004cc       0x50 ./Core/Src/main.o
                0x00000000080004cc                main
 .text.SystemClock_Config
                0x000000000800051c       0xa0 ./Core/Src/main.o
                0x000000000800051c                SystemClock_Config
 .text.MX_ADC1_Init
                0x00000000080005bc       0x7c ./Core/Src/main.o
 .text.MX_TIM2_Init
                0x0000000008000638       0x98 ./Core/Src/main.o
 .text.MX_USART2_UART_Init
                0x00000000080006d0       0x54 ./Core/Src/main.o
 .text.MX_GPIO_Init
                0x0000000008000724       0x64 ./Core/Src/main.o
 .text.HAL_TIM_PeriodElapsedCallback
                0x0000000008000788       0x14 ./Core/Src/main.o
                0x0000000008000788                HAL_TIM_PeriodElapsedCallback
 .text.Error_Handler
                0x000000000800079c        0xa ./Core/Src/main.o
                0x000000000800079c                Error_Handler
 *fill*         0x00000000080007a6        0x2 
 .text.HAL_MspInit
                0x00000000080007a8       0x44 ./Core/Src/stm32f1xx_hal_msp.o
                0x00000000080007a8                HAL_MspInit
 .text.HAL_ADC_MspInit
                0x00000000080007ec       0x78 ./Core/Src/stm32f1xx_hal_msp.o
                0x00000000080007ec                HAL_ADC_MspInit
 .text.HAL_TIM_Base_MspInit
                0x0000000008000864       0x48 ./Core/Src/stm32f1xx_hal_msp.o
                0x0000000008000864                HAL_TIM_Base_MspInit
 .text.HAL_UART_MspInit
                0x00000000080008ac       0xa4 ./Core/Src/stm32f1xx_hal_msp.o
                0x00000000080008ac                HAL_UART_MspInit
 .text.NMI_Handler
                0x0000000008000950        0x6 ./Core/Src/stm32f1xx_it.o
                0x0000000008000950                NMI_Handler
 .text.HardFault_Handler
                0x0000000008000956        0x6 ./Core/Src/stm32f1xx_it.o
                0x0000000008000956                HardFault_Handler
 .text.MemManage_Handler
                0x000000000800095c        0x6 ./Core/Src/stm32f1xx_it.o
                0x000000000800095c                MemManage_Handler
 .text.BusFault_Handler
                0x0000000008000962        0x6 ./Core/Src/stm32f1xx_it.o
                0x0000000008000962                BusFault_Handler
 .text.UsageFault_Handler
                0x0000000008000968        0x6 ./Core/Src/stm32f1xx_it.o
                0x0000000008000968                UsageFault_Handler
 .text.SVC_Handler
                0x000000000800096e        0xc ./Core/Src/stm32f1xx_it.o
                0x000000000800096e                SVC_Handler
 .text.DebugMon_Handler
                0x000000000800097a        0xc ./Core/Src/stm32f1xx_it.o
                0x000000000800097a                DebugMon_Handler
 .text.PendSV_Handler
                0x0000000008000986        0xc ./Core/Src/stm32f1xx_it.o
                0x0000000008000986                PendSV_Handler
 .text.SysTick_Handler
                0x0000000008000992        0xc ./Core/Src/stm32f1xx_it.o
                0x0000000008000992                SysTick_Handler
 *fill*         0x000000000800099e        0x2 
 .text.TIM2_IRQHandler
                0x00000000080009a0       0x14 ./Core/Src/stm32f1xx_it.o
                0x00000000080009a0                TIM2_IRQHandler
 .text.USART2_IRQHandler
                0x00000000080009b4       0x14 ./Core/Src/stm32f1xx_it.o
                0x00000000080009b4                USART2_IRQHandler
 .text._sbrk    0x00000000080009c8       0x6c ./Core/Src/sysmem.o
                0x00000000080009c8                _sbrk
 .text.SystemInit
                0x0000000008000a34        0xc ./Core/Src/system_stm32f1xx.o
                0x0000000008000a34                SystemInit
 .text.getFlagTimer
                0x0000000008000a40       0x20 ./Core/Src/timer.o
                0x0000000008000a40                getFlagTimer
 .text.setTimer
                0x0000000008000a60       0x3c ./Core/Src/timer.o
                0x0000000008000a60                setTimer
 .text.timerRun
                0x0000000008000a9c       0x50 ./Core/Src/timer.o
                0x0000000008000a9c                timerRun
 .text.allTimerRun
                0x0000000008000aec       0x14 ./Core/Src/timer.o
                0x0000000008000aec                allTimerRun
 .text.Reset_Handler
                0x0000000008000b00       0x48 ./Core/Startup/startup_stm32f103c6tx.o
                0x0000000008000b00                Reset_Handler
 .text.Default_Handler
                0x0000000008000b48        0x2 ./Core/Startup/startup_stm32f103c6tx.o
                0x0000000008000b48                RTC_Alarm_IRQHandler
                0x0000000008000b48                EXTI2_IRQHandler
                0x0000000008000b48                TIM1_CC_IRQHandler
                0x0000000008000b48                PVD_IRQHandler
                0x0000000008000b48                EXTI3_IRQHandler
                0x0000000008000b48                EXTI0_IRQHandler
                0x0000000008000b48                ADC1_2_IRQHandler
                0x0000000008000b48                SPI1_IRQHandler
                0x0000000008000b48                TAMPER_IRQHandler
                0x0000000008000b48                DMA1_Channel4_IRQHandler
                0x0000000008000b48                RTC_IRQHandler
                0x0000000008000b48                DMA1_Channel7_IRQHandler
                0x0000000008000b48                CAN1_RX1_IRQHandler
                0x0000000008000b48                I2C1_EV_IRQHandler
                0x0000000008000b48                DMA1_Channel6_IRQHandler
                0x0000000008000b48                TIM3_IRQHandler
                0x0000000008000b48                RCC_IRQHandler
                0x0000000008000b48                TIM1_TRG_COM_IRQHandler
                0x0000000008000b48                DMA1_Channel1_IRQHandler
                0x0000000008000b48                Default_Handler
                0x0000000008000b48                EXTI15_10_IRQHandler
                0x0000000008000b48                EXTI9_5_IRQHandler
                0x0000000008000b48                DMA1_Channel5_IRQHandler
                0x0000000008000b48                EXTI4_IRQHandler
                0x0000000008000b48                USB_LP_CAN1_RX0_IRQHandler
                0x0000000008000b48                USB_HP_CAN1_TX_IRQHandler
                0x0000000008000b48                DMA1_Channel3_IRQHandler
                0x0000000008000b48                TIM1_UP_IRQHandler
                0x0000000008000b48                WWDG_IRQHandler
                0x0000000008000b48                TIM1_BRK_IRQHandler
                0x0000000008000b48                EXTI1_IRQHandler
                0x0000000008000b48                DMA1_Channel2_IRQHandler
                0x0000000008000b48                CAN1_SCE_IRQHandler
                0x0000000008000b48                FLASH_IRQHandler
                0x0000000008000b48                USART1_IRQHandler
                0x0000000008000b48                I2C1_ER_IRQHandler
                0x0000000008000b48                USBWakeUp_IRQHandler
 *fill*         0x0000000008000b4a        0x2 
 .text.HAL_Init
                0x0000000008000b4c       0x2c ./Drivers/STM32F1xx_HAL_Driver/Src/stm32f1xx_hal.o
                0x0000000008000b4c                HAL_Init
 .text.HAL_InitTick
                0x0000000008000b78       0x60 ./Drivers/STM32F1xx_HAL_Driver/Src/stm32f1xx_hal.o
                0x0000000008000b78                HAL_InitTick
 .text.HAL_IncTick
                0x0000000008000bd8       0x24 ./Drivers/STM32F1xx_HAL_Driver/Src/stm32f1xx_hal.o
                0x0000000008000bd8                HAL_IncTick
 .text.HAL_GetTick
                0x0000000008000bfc       0x14 ./Drivers/STM32F1xx_HAL_Driver/Src/stm32f1xx_hal.o
                0x0000000008000bfc                HAL_GetTick
 .text.HAL_ADC_Init
                0x0000000008000c10      0x1b0 ./Drivers/STM32F1xx_HAL_Driver/Src/stm32f1xx_hal_adc.o
                0x0000000008000c10                HAL_ADC_Init
 .text.HAL_ADC_Start
                0x0000000008000dc0      0x15c ./Drivers/STM32F1xx_HAL_Driver/Src/stm32f1xx_hal_adc.o
                0x0000000008000dc0                HAL_ADC_Start
 .text.HAL_ADC_GetValue
                0x0000000008000f1c       0x18 ./Drivers/STM32F1xx_HAL_Driver/Src/stm32f1xx_hal_adc.o
                0x0000000008000f1c                HAL_ADC_GetValue
 .text.HAL_ADC_ConfigChannel
                0x0000000008000f34      0x1f0 ./Drivers/STM32F1xx_HAL_Driver/Src/stm32f1xx_hal_adc.o
                0x0000000008000f34                HAL_ADC_ConfigChannel
 .text.ADC_Enable
                0x0000000008001124       0xb4 ./Drivers/STM32F1xx_HAL_Driver/Src/stm32f1xx_hal_adc.o
                0x0000000008001124                ADC_Enable
 .text.ADC_ConversionStop_Disable
                0x00000000080011d8       0x82 ./Drivers/STM32F1xx_HAL_Driver/Src/stm32f1xx_hal_adc.o
                0x00000000080011d8                ADC_ConversionStop_Disable
 *fill*         0x000000000800125a        0x2 
 .text.__NVIC_SetPriorityGrouping
                0x000000000800125c       0x48 ./Drivers/STM32F1xx_HAL_Driver/Src/stm32f1xx_hal_cortex.o
 .text.__NVIC_GetPriorityGrouping
                0x00000000080012a4       0x1c ./Drivers/STM32F1xx_HAL_Driver/Src/stm32f1xx_hal_cortex.o
 .text.__NVIC_EnableIRQ
                0x00000000080012c0       0x38 ./Drivers/STM32F1xx_HAL_Driver/Src/stm32f1xx_hal_cortex.o
 .text.__NVIC_SetPriority
                0x00000000080012f8       0x54 ./Drivers/STM32F1xx_HAL_Driver/Src/stm32f1xx_hal_cortex.o
 .text.NVIC_EncodePriority
                0x000000000800134c       0x64 ./Drivers/STM32F1xx_HAL_Driver/Src/stm32f1xx_hal_cortex.o
 .text.SysTick_Config
                0x00000000080013b0       0x44 ./Drivers/STM32F1xx_HAL_Driver/Src/stm32f1xx_hal_cortex.o
 .text.HAL_NVIC_SetPriorityGrouping
                0x00000000080013f4       0x16 ./Drivers/STM32F1xx_HAL_Driver/Src/stm32f1xx_hal_cortex.o
                0x00000000080013f4                HAL_NVIC_SetPriorityGrouping
 .text.HAL_NVIC_SetPriority
                0x000000000800140a       0x38 ./Drivers/STM32F1xx_HAL_Driver/Src/stm32f1xx_hal_cortex.o
                0x000000000800140a                HAL_NVIC_SetPriority
 .text.HAL_NVIC_EnableIRQ
                0x0000000008001442       0x1c ./Drivers/STM32F1xx_HAL_Driver/Src/stm32f1xx_hal_cortex.o
                0x0000000008001442                HAL_NVIC_EnableIRQ
 .text.HAL_SYSTICK_Config
                0x000000000800145e       0x18 ./Drivers/STM32F1xx_HAL_Driver/Src/stm32f1xx_hal_cortex.o
                0x000000000800145e                HAL_SYSTICK_Config
 .text.HAL_DMA_Abort
                0x0000000008001476       0x76 ./Drivers/STM32F1xx_HAL_Driver/Src/stm32f1xx_hal_dma.o
                0x0000000008001476                HAL_DMA_Abort
 .text.HAL_DMA_Abort_IT
                0x00000000080014ec       0xf0 ./Drivers/STM32F1xx_HAL_Driver/Src/stm32f1xx_hal_dma.o
                0x00000000080014ec                HAL_DMA_Abort_IT
 .text.HAL_GPIO_Init
                0x00000000080015dc      0x2f8 ./Drivers/STM32F1xx_HAL_Driver/Src/stm32f1xx_hal_gpio.o
                0x00000000080015dc                HAL_GPIO_Init
 .text.HAL_GPIO_WritePin
                0x00000000080018d4       0x30 ./Drivers/STM32F1xx_HAL_Driver/Src/stm32f1xx_hal_gpio.o
                0x00000000080018d4                HAL_GPIO_WritePin
 .text.HAL_RCC_OscConfig
                0x0000000008001904      0x504 ./Drivers/STM32F1xx_HAL_Driver/Src/stm32f1xx_hal_rcc.o
                0x0000000008001904                HAL_RCC_OscConfig
 .text.HAL_RCC_ClockConfig
                0x0000000008001e08      0x1d4 ./Drivers/STM32F1xx_HAL_Driver/Src/stm32f1xx_hal_rcc.o
                0x0000000008001e08                HAL_RCC_ClockConfig
 .text.HAL_RCC_GetSysClockFreq
                0x0000000008001fdc       0xa8 ./Drivers/STM32F1xx_HAL_Driver/Src/stm32f1xx_hal_rcc.o
                0x0000000008001fdc                HAL_RCC_GetSysClockFreq
 .text.HAL_RCC_GetHCLKFreq
                0x0000000008002084       0x14 ./Drivers/STM32F1xx_HAL_Driver/Src/stm32f1xx_hal_rcc.o
                0x0000000008002084                HAL_RCC_GetHCLKFreq
 .text.HAL_RCC_GetPCLK1Freq
                0x0000000008002098       0x28 ./Drivers/STM32F1xx_HAL_Driver/Src/stm32f1xx_hal_rcc.o
                0x0000000008002098                HAL_RCC_GetPCLK1Freq
 .text.HAL_RCC_GetPCLK2Freq
                0x00000000080020c0       0x28 ./Drivers/STM32F1xx_HAL_Driver/Src/stm32f1xx_hal_rcc.o
                0x00000000080020c0                HAL_RCC_GetPCLK2Freq
 .text.RCC_Delay
                0x00000000080020e8       0x3c ./Drivers/STM32F1xx_HAL_Driver/Src/stm32f1xx_hal_rcc.o
 .text.HAL_RCCEx_PeriphCLKConfig
                0x0000000008002124      0x16c ./Drivers/STM32F1xx_HAL_Driver/Src/stm32f1xx_hal_rcc_ex.o
                0x0000000008002124                HAL_RCCEx_PeriphCLKConfig
 .text.HAL_TIM_Base_Init
                0x0000000008002290       0x9e ./Drivers/STM32F1xx_HAL_Driver/Src/stm32f1xx_hal_tim.o
                0x0000000008002290                HAL_TIM_Base_Init
 *fill*         0x000000000800232e        0x2 
 .text.HAL_TIM_Base_Start_IT
                0x0000000008002330       0x98 ./Drivers/STM32F1xx_HAL_Driver/Src/stm32f1xx_hal_tim.o
                0x0000000008002330                HAL_TIM_Base_Start_IT
 .text.HAL_TIM_IRQHandler
                0x00000000080023c8      0x210 ./Drivers/STM32F1xx_HAL_Driver/Src/stm32f1xx_hal_tim.o
                0x00000000080023c8                HAL_TIM_IRQHandler
 .text.HAL_TIM_ConfigClockSource
                0x00000000080025d8      0x18e ./Drivers/STM32F1xx_HAL_Driver/Src/stm32f1xx_hal_tim.o
                0x00000000080025d8                HAL_TIM_ConfigClockSource
 .text.HAL_TIM_OC_DelayElapsedCallback
                0x0000000008002766       0x12 ./Drivers/STM32F1xx_HAL_Driver/Src/stm32f1xx_hal_tim.o
                0x0000000008002766                HAL_TIM_OC_DelayElapsedCallback
 .text.HAL_TIM_IC_CaptureCallback
                0x0000000008002778       0x12 ./Drivers/STM32F1xx_HAL_Driver/Src/stm32f1xx_hal_tim.o
                0x0000000008002778                HAL_TIM_IC_CaptureCallback
 .text.HAL_TIM_PWM_PulseFinishedCallback
                0x000000000800278a       0x12 ./Drivers/STM32F1xx_HAL_Driver/Src/stm32f1xx_hal_tim.o
                0x000000000800278a                HAL_TIM_PWM_PulseFinishedCallback
 .text.HAL_TIM_TriggerCallback
                0x000000000800279c       0x12 ./Drivers/STM32F1xx_HAL_Driver/Src/stm32f1xx_hal_tim.o
                0x000000000800279c                HAL_TIM_TriggerCallback
 *fill*         0x00000000080027ae        0x2 
 .text.TIM_Base_SetConfig
                0x00000000080027b0       0xb0 ./Drivers/STM32F1xx_HAL_Driver/Src/stm32f1xx_hal_tim.o
                0x00000000080027b0                TIM_Base_SetConfig
 .text.TIM_TI1_ConfigInputStage
                0x0000000008002860       0x5c ./Drivers/STM32F1xx_HAL_Driver/Src/stm32f1xx_hal_tim.o
 .text.TIM_TI2_ConfigInputStage
                0x00000000080028bc       0x5e ./Drivers/STM32F1xx_HAL_Driver/Src/stm32f1xx_hal_tim.o
 .text.TIM_ITRx_SetConfig
                0x000000000800291a       0x34 ./Drivers/STM32F1xx_HAL_Driver/Src/stm32f1xx_hal_tim.o
 .text.TIM_ETR_SetConfig
                0x000000000800294e       0x3e ./Drivers/STM32F1xx_HAL_Driver/Src/stm32f1xx_hal_tim.o
                0x000000000800294e                TIM_ETR_SetConfig
 .text.HAL_TIMEx_MasterConfigSynchronization
                0x000000000800298c       0xb0 ./Drivers/STM32F1xx_HAL_Driver/Src/stm32f1xx_hal_tim_ex.o
                0x000000000800298c                HAL_TIMEx_MasterConfigSynchronization
 .text.HAL_TIMEx_CommutCallback
                0x0000000008002a3c       0x12 ./Drivers/STM32F1xx_HAL_Driver/Src/stm32f1xx_hal_tim_ex.o
                0x0000000008002a3c                HAL_TIMEx_CommutCallback
 .text.HAL_TIMEx_BreakCallback
                0x0000000008002a4e       0x12 ./Drivers/STM32F1xx_HAL_Driver/Src/stm32f1xx_hal_tim_ex.o
                0x0000000008002a4e                HAL_TIMEx_BreakCallback
 .text.HAL_UART_Init
                0x0000000008002a60       0xa0 ./Drivers/STM32F1xx_HAL_Driver/Src/stm32f1xx_hal_uart.o
                0x0000000008002a60                HAL_UART_Init
 .text.HAL_UART_Transmit
                0x0000000008002b00      0x106 ./Drivers/STM32F1xx_HAL_Driver/Src/stm32f1xx_hal_uart.o
                0x0000000008002b00                HAL_UART_Transmit
 .text.HAL_UART_Receive_IT
                0x0000000008002c06       0x4a ./Drivers/STM32F1xx_HAL_Driver/Src/stm32f1xx_hal_uart.o
                0x0000000008002c06                HAL_UART_Receive_IT
 .text.HAL_UART_IRQHandler
                0x0000000008002c50      0x524 ./Drivers/STM32F1xx_HAL_Driver/Src/stm32f1xx_hal_uart.o
                0x0000000008002c50                HAL_UART_IRQHandler
 .text.HAL_UART_TxCpltCallback
                0x0000000008003174       0x12 ./Drivers/STM32F1xx_HAL_Driver/Src/stm32f1xx_hal_uart.o
                0x0000000008003174                HAL_UART_TxCpltCallback
 .text.HAL_UART_ErrorCallback
                0x0000000008003186       0x12 ./Drivers/STM32F1xx_HAL_Driver/Src/stm32f1xx_hal_uart.o
                0x0000000008003186                HAL_UART_ErrorCallback
 .text.HAL_UARTEx_RxEventCallback
                0x0000000008003198       0x16 ./Drivers/STM32F1xx_HAL_Driver/Src/stm32f1xx_hal_uart.o
                0x0000000008003198                HAL_UARTEx_RxEventCallback
 .text.UART_WaitOnFlagUntilTimeout
                0x00000000080031ae       0xdc ./Drivers/STM32F1xx_HAL_Driver/Src/stm32f1xx_hal_uart.o
 .text.UART_Start_Receive_IT
                0x000000000800328a       0x72 ./Drivers/STM32F1xx_HAL_Driver/Src/stm32f1xx_hal_uart.o
                0x000000000800328a                UART_Start_Receive_IT
 .text.UART_EndRxTransfer
                0x00000000080032fc       0xc4 ./Drivers/STM32F1xx_HAL_Driver/Src/stm32f1xx_hal_uart.o
 .text.UART_DMAAbortOnError
                0x00000000080033c0       0x28 ./Drivers/STM32F1xx_HAL_Driver/Src/stm32f1xx_hal_uart.o
 .text.UART_Transmit_IT
                0x00000000080033e8       0x9e ./Drivers/STM32F1xx_HAL_Driver/Src/stm32f1xx_hal_uart.o
 .text.UART_EndTransmit_IT
                0x0000000008003486       0x30 ./Drivers/STM32F1xx_HAL_Driver/Src/stm32f1xx_hal_uart.o
 .text.UART_Receive_IT
                0x00000000080034b6      0x17c ./Drivers/STM32F1xx_HAL_Driver/Src/stm32f1xx_hal_uart.o
 *fill*         0x0000000008003632        0x2 
 .text.UART_SetConfig
                0x0000000008003634      0x11c ./Drivers/STM32F1xx_HAL_Driver/Src/stm32f1xx_hal_uart.o
 .text.__errno  0x0000000008003750        0xc e:/stm32ide/stm32cubeide_1.11.0/stm32cubeide/plugins/com.st.stm32cube.ide.mcu.externaltools.gnu-tools-for-stm32.10.3-2021.10.win32_1.0.100.202210260954/tools/bin/../lib/gcc/arm-none-eabi/10.3.1/../../../../arm-none-eabi/lib/thumb/v7-m/nofp\libc_nano.a(lib_a-errno.o)
                0x0000000008003750                __errno
 .text.__libc_init_array
                0x000000000800375c       0x48 e:/stm32ide/stm32cubeide_1.11.0/stm32cubeide/plugins/com.st.stm32cube.ide.mcu.externaltools.gnu-tools-for-stm32.10.3-2021.10.win32_1.0.100.202210260954/tools/bin/../lib/gcc/arm-none-eabi/10.3.1/../../../../arm-none-eabi/lib/thumb/v7-m/nofp\libc_nano.a(lib_a-init.o)
                0x000000000800375c                __libc_init_array
 .text.memset   0x00000000080037a4       0x10 e:/stm32ide/stm32cubeide_1.11.0/stm32cubeide/plugins/com.st.stm32cube.ide.mcu.externaltools.gnu-tools-for-stm32.10.3-2021.10.win32_1.0.100.202210260954/tools/bin/../lib/gcc/arm-none-eabi/10.3.1/../../../../arm-none-eabi/lib/thumb/v7-m/nofp\libc_nano.a(lib_a-memset.o)
                0x00000000080037a4                memset
 .text.sprintf  0x00000000080037b4       0x40 e:/stm32ide/stm32cubeide_1.11.0/stm32cubeide/plugins/com.st.stm32cube.ide.mcu.externaltools.gnu-tools-for-stm32.10.3-2021.10.win32_1.0.100.202210260954/tools/bin/../lib/gcc/arm-none-eabi/10.3.1/../../../../arm-none-eabi/lib/thumb/v7-m/nofp\libc_nano.a(lib_a-sprintf.o)
                0x00000000080037b4                siprintf
                0x00000000080037b4                sprintf
 .text.__ssputs_r
                0x00000000080037f4       0xb6 e:/stm32ide/stm32cubeide_1.11.0/stm32cubeide/plugins/com.st.stm32cube.ide.mcu.externaltools.gnu-tools-for-stm32.10.3-2021.10.win32_1.0.100.202210260954/tools/bin/../lib/gcc/arm-none-eabi/10.3.1/../../../../arm-none-eabi/lib/thumb/v7-m/nofp\libc_nano.a(lib_a-nano-svfprintf.o)
                0x00000000080037f4                __ssputs_r
 *fill*         0x00000000080038aa        0x2 
 .text._svfprintf_r
                0x00000000080038ac      0x200 e:/stm32ide/stm32cubeide_1.11.0/stm32cubeide/plugins/com.st.stm32cube.ide.mcu.externaltools.gnu-tools-for-stm32.10.3-2021.10.win32_1.0.100.202210260954/tools/bin/../lib/gcc/arm-none-eabi/10.3.1/../../../../arm-none-eabi/lib/thumb/v7-m/nofp\libc_nano.a(lib_a-nano-svfprintf.o)
                0x00000000080038ac                _svfiprintf_r
                0x00000000080038ac                _svfprintf_r
 .text._printf_common
                0x0000000008003aac       0xde e:/stm32ide/stm32cubeide_1.11.0/stm32cubeide/plugins/com.st.stm32cube.ide.mcu.externaltools.gnu-tools-for-stm32.10.3-2021.10.win32_1.0.100.202210260954/tools/bin/../lib/gcc/arm-none-eabi/10.3.1/../../../../arm-none-eabi/lib/thumb/v7-m/nofp\libc_nano.a(lib_a-nano-vfprintf_i.o)
                0x0000000008003aac                _printf_common
 *fill*         0x0000000008003b8a        0x2 
 .text._printf_i
                0x0000000008003b8c      0x24c e:/stm32ide/stm32cubeide_1.11.0/stm32cubeide/plugins/com.st.stm32cube.ide.mcu.externaltools.gnu-tools-for-stm32.10.3-2021.10.win32_1.0.100.202210260954/tools/bin/../lib/gcc/arm-none-eabi/10.3.1/../../../../arm-none-eabi/lib/thumb/v7-m/nofp\libc_nano.a(lib_a-nano-vfprintf_i.o)
                0x0000000008003b8c                _printf_i
 .text.memchr   0x0000000008003dd8       0x1c e:/stm32ide/stm32cubeide_1.11.0/stm32cubeide/plugins/com.st.stm32cube.ide.mcu.externaltools.gnu-tools-for-stm32.10.3-2021.10.win32_1.0.100.202210260954/tools/bin/../lib/gcc/arm-none-eabi/10.3.1/../../../../arm-none-eabi/lib/thumb/v7-m/nofp\libc_nano.a(lib_a-memchr-stub.o)
                0x0000000008003dd8                memchr
 .text.memcpy   0x0000000008003df4       0x1c e:/stm32ide/stm32cubeide_1.11.0/stm32cubeide/plugins/com.st.stm32cube.ide.mcu.externaltools.gnu-tools-for-stm32.10.3-2021.10.win32_1.0.100.202210260954/tools/bin/../lib/gcc/arm-none-eabi/10.3.1/../../../../arm-none-eabi/lib/thumb/v7-m/nofp\libc_nano.a(lib_a-memcpy-stub.o)
                0x0000000008003df4                memcpy
 .text.memmove  0x0000000008003e10       0x34 e:/stm32ide/stm32cubeide_1.11.0/stm32cubeide/plugins/com.st.stm32cube.ide.mcu.externaltools.gnu-tools-for-stm32.10.3-2021.10.win32_1.0.100.202210260954/tools/bin/../lib/gcc/arm-none-eabi/10.3.1/../../../../arm-none-eabi/lib/thumb/v7-m/nofp\libc_nano.a(lib_a-memmove.o)
                0x0000000008003e10                memmove
 .text._free_r  0x0000000008003e44       0x90 e:/stm32ide/stm32cubeide_1.11.0/stm32cubeide/plugins/com.st.stm32cube.ide.mcu.externaltools.gnu-tools-for-stm32.10.3-2021.10.win32_1.0.100.202210260954/tools/bin/../lib/gcc/arm-none-eabi/10.3.1/../../../../arm-none-eabi/lib/thumb/v7-m/nofp\libc_nano.a(lib_a-nano-freer.o)
                0x0000000008003e44                _free_r
 .text.sbrk_aligned
                0x0000000008003ed4       0x40 e:/stm32ide/stm32cubeide_1.11.0/stm32cubeide/plugins/com.st.stm32cube.ide.mcu.externaltools.gnu-tools-for-stm32.10.3-2021.10.win32_1.0.100.202210260954/tools/bin/../lib/gcc/arm-none-eabi/10.3.1/../../../../arm-none-eabi/lib/thumb/v7-m/nofp\libc_nano.a(lib_a-nano-mallocr.o)
 .text._malloc_r
                0x0000000008003f14       0xe8 e:/stm32ide/stm32cubeide_1.11.0/stm32cubeide/plugins/com.st.stm32cube.ide.mcu.externaltools.gnu-tools-for-stm32.10.3-2021.10.win32_1.0.100.202210260954/tools/bin/../lib/gcc/arm-none-eabi/10.3.1/../../../../arm-none-eabi/lib/thumb/v7-m/nofp\libc_nano.a(lib_a-nano-mallocr.o)
                0x0000000008003f14                _malloc_r
 .text._realloc_r
                0x0000000008003ffc       0x5e e:/stm32ide/stm32cubeide_1.11.0/stm32cubeide/plugins/com.st.stm32cube.ide.mcu.externaltools.gnu-tools-for-stm32.10.3-2021.10.win32_1.0.100.202210260954/tools/bin/../lib/gcc/arm-none-eabi/10.3.1/../../../../arm-none-eabi/lib/thumb/v7-m/nofp\libc_nano.a(lib_a-nano-reallocr.o)
                0x0000000008003ffc                _realloc_r
 *fill*         0x000000000800405a        0x2 
 .text._sbrk_r  0x000000000800405c       0x20 e:/stm32ide/stm32cubeide_1.11.0/stm32cubeide/plugins/com.st.stm32cube.ide.mcu.externaltools.gnu-tools-for-stm32.10.3-2021.10.win32_1.0.100.202210260954/tools/bin/../lib/gcc/arm-none-eabi/10.3.1/../../../../arm-none-eabi/lib/thumb/v7-m/nofp\libc_nano.a(lib_a-sbrkr.o)
                0x000000000800405c                _sbrk_r
 .text.__malloc_lock
                0x000000000800407c        0xc e:/stm32ide/stm32cubeide_1.11.0/stm32cubeide/plugins/com.st.stm32cube.ide.mcu.externaltools.gnu-tools-for-stm32.10.3-2021.10.win32_1.0.100.202210260954/tools/bin/../lib/gcc/arm-none-eabi/10.3.1/../../../../arm-none-eabi/lib/thumb/v7-m/nofp\libc_nano.a(lib_a-mlock.o)
                0x000000000800407c                __malloc_lock
 .text.__malloc_unlock
                0x0000000008004088        0xc e:/stm32ide/stm32cubeide_1.11.0/stm32cubeide/plugins/com.st.stm32cube.ide.mcu.externaltools.gnu-tools-for-stm32.10.3-2021.10.win32_1.0.100.202210260954/tools/bin/../lib/gcc/arm-none-eabi/10.3.1/../../../../arm-none-eabi/lib/thumb/v7-m/nofp\libc_nano.a(lib_a-mlock.o)
                0x0000000008004088                __malloc_unlock
 .text._malloc_usable_size_r
                0x0000000008004094       0x10 e:/stm32ide/stm32cubeide_1.11.0/stm32cubeide/plugins/com.st.stm32cube.ide.mcu.externaltools.gnu-tools-for-stm32.10.3-2021.10.win32_1.0.100.202210260954/tools/bin/../lib/gcc/arm-none-eabi/10.3.1/../../../../arm-none-eabi/lib/thumb/v7-m/nofp\libc_nano.a(lib_a-nano-msizer.o)
                0x0000000008004094                _malloc_usable_size_r
 .text.__retarget_lock_acquire_recursive
                0x00000000080040a4        0x2 e:/stm32ide/stm32cubeide_1.11.0/stm32cubeide/plugins/com.st.stm32cube.ide.mcu.externaltools.gnu-tools-for-stm32.10.3-2021.10.win32_1.0.100.202210260954/tools/bin/../lib/gcc/arm-none-eabi/10.3.1/../../../../arm-none-eabi/lib/thumb/v7-m/nofp\libc_nano.a(lib_a-lock.o)
                0x00000000080040a4                __retarget_lock_acquire_recursive
 .text.__retarget_lock_release_recursive
                0x00000000080040a6        0x2 e:/stm32ide/stm32cubeide_1.11.0/stm32cubeide/plugins/com.st.stm32cube.ide.mcu.externaltools.gnu-tools-for-stm32.10.3-2021.10.win32_1.0.100.202210260954/tools/bin/../lib/gcc/arm-none-eabi/10.3.1/../../../../arm-none-eabi/lib/thumb/v7-m/nofp\libc_nano.a(lib_a-lock.o)
                0x00000000080040a6                __retarget_lock_release_recursive
 *(.glue_7)
 .glue_7        0x00000000080040a8        0x0 linker stubs
 *(.glue_7t)
 .glue_7t       0x00000000080040a8        0x0 linker stubs
 *(.eh_frame)
 .eh_frame      0x00000000080040a8        0x0 e:/stm32ide/stm32cubeide_1.11.0/stm32cubeide/plugins/com.st.stm32cube.ide.mcu.externaltools.gnu-tools-for-stm32.10.3-2021.10.win32_1.0.100.202210260954/tools/bin/../lib/gcc/arm-none-eabi/10.3.1/thumb/v7-m/nofp/crtbegin.o
 *(.init)
 .init          0x00000000080040a8        0x4 e:/stm32ide/stm32cubeide_1.11.0/stm32cubeide/plugins/com.st.stm32cube.ide.mcu.externaltools.gnu-tools-for-stm32.10.3-2021.10.win32_1.0.100.202210260954/tools/bin/../lib/gcc/arm-none-eabi/10.3.1/thumb/v7-m/nofp/crti.o
                0x00000000080040a8                _init
 .init          0x00000000080040ac        0x8 e:/stm32ide/stm32cubeide_1.11.0/stm32cubeide/plugins/com.st.stm32cube.ide.mcu.externaltools.gnu-tools-for-stm32.10.3-2021.10.win32_1.0.100.202210260954/tools/bin/../lib/gcc/arm-none-eabi/10.3.1/thumb/v7-m/nofp/crtn.o
 *(.fini)
 .fini          0x00000000080040b4        0x4 e:/stm32ide/stm32cubeide_1.11.0/stm32cubeide/plugins/com.st.stm32cube.ide.mcu.externaltools.gnu-tools-for-stm32.10.3-2021.10.win32_1.0.100.202210260954/tools/bin/../lib/gcc/arm-none-eabi/10.3.1/thumb/v7-m/nofp/crti.o
                0x00000000080040b4                _fini
 .fini          0x00000000080040b8        0x8 e:/stm32ide/stm32cubeide_1.11.0/stm32cubeide/plugins/com.st.stm32cube.ide.mcu.externaltools.gnu-tools-for-stm32.10.3-2021.10.win32_1.0.100.202210260954/tools/bin/../lib/gcc/arm-none-eabi/10.3.1/thumb/v7-m/nofp/crtn.o
                0x00000000080040c0                . = ALIGN (0x4)
                0x00000000080040c0                _etext = .

.vfp11_veneer   0x00000000080040c0        0x0
 .vfp11_veneer  0x00000000080040c0        0x0 linker stubs

.v4_bx          0x00000000080040c0        0x0
 .v4_bx         0x00000000080040c0        0x0 linker stubs

.iplt           0x00000000080040c0        0x0
 .iplt          0x00000000080040c0        0x0 e:/stm32ide/stm32cubeide_1.11.0/stm32cubeide/plugins/com.st.stm32cube.ide.mcu.externaltools.gnu-tools-for-stm32.10.3-2021.10.win32_1.0.100.202210260954/tools/bin/../lib/gcc/arm-none-eabi/10.3.1/thumb/v7-m/nofp/crtbegin.o

.rodata         0x00000000080040c0       0x70
                0x00000000080040c0                . = ALIGN (0x4)
 *(.rodata)
 .rodata        0x00000000080040c0        0xd ./Core/Src/fsm.o
 *(.rodata*)
 *fill*         0x00000000080040cd        0x3 
 .rodata.AHBPrescTable
                0x00000000080040d0       0x10 ./Core/Src/system_stm32f1xx.o
                0x00000000080040d0                AHBPrescTable
 .rodata.APBPrescTable
                0x00000000080040e0        0x8 ./Core/Src/system_stm32f1xx.o
                0x00000000080040e0                APBPrescTable
 .rodata.aPLLMULFactorTable.1
                0x00000000080040e8       0x10 ./Drivers/STM32F1xx_HAL_Driver/Src/stm32f1xx_hal_rcc.o
 .rodata.aPredivFactorTable.0
                0x00000000080040f8        0x2 ./Drivers/STM32F1xx_HAL_Driver/Src/stm32f1xx_hal_rcc.o
 .rodata._svfprintf_r.str1.1
                0x00000000080040fa       0x11 e:/stm32ide/stm32cubeide_1.11.0/stm32cubeide/plugins/com.st.stm32cube.ide.mcu.externaltools.gnu-tools-for-stm32.10.3-2021.10.win32_1.0.100.202210260954/tools/bin/../lib/gcc/arm-none-eabi/10.3.1/../../../../arm-none-eabi/lib/thumb/v7-m/nofp\libc_nano.a(lib_a-nano-svfprintf.o)
 .rodata._printf_i.str1.1
                0x000000000800410b       0x22 e:/stm32ide/stm32cubeide_1.11.0/stm32cubeide/plugins/com.st.stm32cube.ide.mcu.externaltools.gnu-tools-for-stm32.10.3-2021.10.win32_1.0.100.202210260954/tools/bin/../lib/gcc/arm-none-eabi/10.3.1/../../../../arm-none-eabi/lib/thumb/v7-m/nofp\libc_nano.a(lib_a-nano-vfprintf_i.o)
                0x0000000008004130                . = ALIGN (0x4)
 *fill*         0x000000000800412d        0x3 

.rel.dyn        0x0000000008004130        0x0
 .rel.iplt      0x0000000008004130        0x0 e:/stm32ide/stm32cubeide_1.11.0/stm32cubeide/plugins/com.st.stm32cube.ide.mcu.externaltools.gnu-tools-for-stm32.10.3-2021.10.win32_1.0.100.202210260954/tools/bin/../lib/gcc/arm-none-eabi/10.3.1/thumb/v7-m/nofp/crtbegin.o

.ARM.extab      0x0000000008004130        0x0
                0x0000000008004130                . = ALIGN (0x4)
 *(.ARM.extab* .gnu.linkonce.armextab.*)
                0x0000000008004130                . = ALIGN (0x4)

.ARM            0x0000000008004130        0x0
                0x0000000008004130                . = ALIGN (0x4)
                0x0000000008004130                __exidx_start = .
 *(.ARM.exidx*)
                0x0000000008004130                __exidx_end = .
                0x0000000008004130                . = ALIGN (0x4)

.preinit_array  0x0000000008004130        0x0
                0x0000000008004130                . = ALIGN (0x4)
                0x0000000008004130                PROVIDE (__preinit_array_start = .)
 *(.preinit_array*)
                0x0000000008004130                PROVIDE (__preinit_array_end = .)
                0x0000000008004130                . = ALIGN (0x4)

.init_array     0x0000000008004130        0x4
                0x0000000008004130                . = ALIGN (0x4)
                0x0000000008004130                PROVIDE (__init_array_start = .)
 *(SORT_BY_NAME(.init_array.*))
 *(.init_array*)
 .init_array    0x0000000008004130        0x4 e:/stm32ide/stm32cubeide_1.11.0/stm32cubeide/plugins/com.st.stm32cube.ide.mcu.externaltools.gnu-tools-for-stm32.10.3-2021.10.win32_1.0.100.202210260954/tools/bin/../lib/gcc/arm-none-eabi/10.3.1/thumb/v7-m/nofp/crtbegin.o
                0x0000000008004134                PROVIDE (__init_array_end = .)
                0x0000000008004134                . = ALIGN (0x4)

.fini_array     0x0000000008004134        0x4
                0x0000000008004134                . = ALIGN (0x4)
                [!provide]                        PROVIDE (__fini_array_start = .)
 *(SORT_BY_NAME(.fini_array.*))
 *(.fini_array*)
 .fini_array    0x0000000008004134        0x4 e:/stm32ide/stm32cubeide_1.11.0/stm32cubeide/plugins/com.st.stm32cube.ide.mcu.externaltools.gnu-tools-for-stm32.10.3-2021.10.win32_1.0.100.202210260954/tools/bin/../lib/gcc/arm-none-eabi/10.3.1/thumb/v7-m/nofp/crtbegin.o
                [!provide]                        PROVIDE (__fini_array_end = .)
                0x0000000008004138                . = ALIGN (0x4)
                0x0000000008004138                _sidata = LOADADDR (.data)

.data           0x0000000020000000       0x74 load address 0x0000000008004138
                0x0000000020000000                . = ALIGN (0x4)
                0x0000000020000000                _sdata = .
 *(.data)
 *(.data*)
 .data.produce_idx
                0x0000000020000000        0x2 ./Core/Src/fsm.o
                0x0000000020000000                produce_idx
 *fill*         0x0000000020000002        0x2 
 .data.SystemCoreClock
                0x0000000020000004        0x4 ./Core/Src/system_stm32f1xx.o
                0x0000000020000004                SystemCoreClock
 .data.uwTickPrio
                0x0000000020000008        0x4 ./Drivers/STM32F1xx_HAL_Driver/Src/stm32f1xx_hal.o
                0x0000000020000008                uwTickPrio
 .data.uwTickFreq
                0x000000002000000c        0x1 ./Drivers/STM32F1xx_HAL_Driver/Src/stm32f1xx_hal.o
                0x000000002000000c                uwTickFreq
 *fill*         0x000000002000000d        0x3 
 .data._impure_ptr
                0x0000000020000010        0x4 e:/stm32ide/stm32cubeide_1.11.0/stm32cubeide/plugins/com.st.stm32cube.ide.mcu.externaltools.gnu-tools-for-stm32.10.3-2021.10.win32_1.0.100.202210260954/tools/bin/../lib/gcc/arm-none-eabi/10.3.1/../../../../arm-none-eabi/lib/thumb/v7-m/nofp\libc_nano.a(lib_a-impure.o)
                0x0000000020000010                _impure_ptr
 .data.impure_data
                0x0000000020000014       0x60 e:/stm32ide/stm32cubeide_1.11.0/stm32cubeide/plugins/com.st.stm32cube.ide.mcu.externaltools.gnu-tools-for-stm32.10.3-2021.10.win32_1.0.100.202210260954/tools/bin/../lib/gcc/arm-none-eabi/10.3.1/../../../../arm-none-eabi/lib/thumb/v7-m/nofp\libc_nano.a(lib_a-impure.o)
 *(.RamFunc)
 *(.RamFunc*)
                0x0000000020000074                . = ALIGN (0x4)
                0x0000000020000074                _edata = .

.igot.plt       0x0000000020000074        0x0 load address 0x00000000080041ac
 .igot.plt      0x0000000020000074        0x0 e:/stm32ide/stm32cubeide_1.11.0/stm32cubeide/plugins/com.st.stm32cube.ide.mcu.externaltools.gnu-tools-for-stm32.10.3-2021.10.win32_1.0.100.202210260954/tools/bin/../lib/gcc/arm-none-eabi/10.3.1/thumb/v7-m/nofp/crtbegin.o
                0x0000000020000074                . = ALIGN (0x4)

.bss            0x0000000020000074      0x1ac load address 0x00000000080041ac
                0x0000000020000074                _sbss = .
                0x0000000020000074                __bss_start__ = _sbss
 *(.bss)
 .bss           0x0000000020000074       0x1c e:/stm32ide/stm32cubeide_1.11.0/stm32cubeide/plugins/com.st.stm32cube.ide.mcu.externaltools.gnu-tools-for-stm32.10.3-2021.10.win32_1.0.100.202210260954/tools/bin/../lib/gcc/arm-none-eabi/10.3.1/thumb/v7-m/nofp/crtbegin.o
 *(.bss*)
 .bss.parserState
                0x0000000020000090        0x1 ./Core/Src/fsm.o
                0x0000000020000090                parserState
 .bss.uartState
                0x0000000020000091        0x1 ./Core/Src/fsm.o
                0x0000000020000091                uartState
 .bss.ok_flag   0x0000000020000092        0x1 ./Core/Src/fsm.o
                0x0000000020000092                ok_flag
 .bss.rst_flag  0x0000000020000093        0x1 ./Core/Src/fsm.o
                0x0000000020000093                rst_flag
 .bss.buffer    0x0000000020000094       0x80 ./Core/Src/fsm.o
                0x0000000020000094                buffer
 .bss.consume_idx
                0x0000000020000114        0x2 ./Core/Src/fsm.o
                0x0000000020000114                consume_idx
 *fill*         0x0000000020000116        0x2 
 .bss.msg       0x0000000020000118       0x20 ./Core/Src/fsm.o
                0x0000000020000118                msg
 .bss.hadc1     0x0000000020000138       0x30 ./Core/Src/main.o
                0x0000000020000138                hadc1
 .bss.htim2     0x0000000020000168       0x48 ./Core/Src/main.o
                0x0000000020000168                htim2
 .bss.huart2    0x00000000200001b0       0x48 ./Core/Src/main.o
                0x00000000200001b0                huart2
 .bss.temp      0x00000000200001f8        0x1 ./Core/Src/main.o
                0x00000000200001f8                temp
 *fill*         0x00000000200001f9        0x3 
 .bss.__sbrk_heap_end
                0x00000000200001fc        0x4 ./Core/Src/sysmem.o
 .bss.counter   0x0000000020000200        0x8 ./Core/Src/timer.o
                0x0000000020000200                counter
 .bss.flag      0x0000000020000208        0x2 ./Core/Src/timer.o
                0x0000000020000208                flag
 *fill*         0x000000002000020a        0x2 
 .bss.uwTick    0x000000002000020c        0x4 ./Drivers/STM32F1xx_HAL_Driver/Src/stm32f1xx_hal.o
                0x000000002000020c                uwTick
 .bss.__malloc_free_list
                0x0000000020000210        0x4 e:/stm32ide/stm32cubeide_1.11.0/stm32cubeide/plugins/com.st.stm32cube.ide.mcu.externaltools.gnu-tools-for-stm32.10.3-2021.10.win32_1.0.100.202210260954/tools/bin/../lib/gcc/arm-none-eabi/10.3.1/../../../../arm-none-eabi/lib/thumb/v7-m/nofp\libc_nano.a(lib_a-nano-mallocr.o)
                0x0000000020000210                __malloc_free_list
 .bss.__malloc_sbrk_start
                0x0000000020000214        0x4 e:/stm32ide/stm32cubeide_1.11.0/stm32cubeide/plugins/com.st.stm32cube.ide.mcu.externaltools.gnu-tools-for-stm32.10.3-2021.10.win32_1.0.100.202210260954/tools/bin/../lib/gcc/arm-none-eabi/10.3.1/../../../../arm-none-eabi/lib/thumb/v7-m/nofp\libc_nano.a(lib_a-nano-mallocr.o)
                0x0000000020000214                __malloc_sbrk_start
 .bss.errno     0x0000000020000218        0x4 e:/stm32ide/stm32cubeide_1.11.0/stm32cubeide/plugins/com.st.stm32cube.ide.mcu.externaltools.gnu-tools-for-stm32.10.3-2021.10.win32_1.0.100.202210260954/tools/bin/../lib/gcc/arm-none-eabi/10.3.1/../../../../arm-none-eabi/lib/thumb/v7-m/nofp\libc_nano.a(lib_a-reent.o)
                0x0000000020000218                errno
 .bss.__lock___malloc_recursive_mutex
                0x000000002000021c        0x1 e:/stm32ide/stm32cubeide_1.11.0/stm32cubeide/plugins/com.st.stm32cube.ide.mcu.externaltools.gnu-tools-for-stm32.10.3-2021.10.win32_1.0.100.202210260954/tools/bin/../lib/gcc/arm-none-eabi/10.3.1/../../../../arm-none-eabi/lib/thumb/v7-m/nofp\libc_nano.a(lib_a-lock.o)
                0x000000002000021c                __lock___malloc_recursive_mutex
 *(COMMON)
                0x0000000020000220                . = ALIGN (0x4)
 *fill*         0x000000002000021d        0x3 
                0x0000000020000220                _ebss = .
                0x0000000020000220                __bss_end__ = _ebss

._user_heap_stack
                0x0000000020000220      0x600 load address 0x00000000080041ac
                0x0000000020000220                . = ALIGN (0x8)
                [!provide]                        PROVIDE (end = .)
                0x0000000020000220                PROVIDE (_end = .)
                0x0000000020000420                . = (. + _Min_Heap_Size)
 *fill*         0x0000000020000220      0x200 
                0x0000000020000820                . = (. + _Min_Stack_Size)
 *fill*         0x0000000020000420      0x400 
                0x0000000020000820                . = ALIGN (0x8)

/DISCARD/
 libc.a(*)
 libm.a(*)
 libgcc.a(*)

.ARM.attributes
                0x0000000000000000       0x29
 *(.ARM.attributes)
 .ARM.attributes
                0x0000000000000000       0x1d e:/stm32ide/stm32cubeide_1.11.0/stm32cubeide/plugins/com.st.stm32cube.ide.mcu.externaltools.gnu-tools-for-stm32.10.3-2021.10.win32_1.0.100.202210260954/tools/bin/../lib/gcc/arm-none-eabi/10.3.1/thumb/v7-m/nofp/crti.o
 .ARM.attributes
                0x000000000000001d       0x2d e:/stm32ide/stm32cubeide_1.11.0/stm32cubeide/plugins/com.st.stm32cube.ide.mcu.externaltools.gnu-tools-for-stm32.10.3-2021.10.win32_1.0.100.202210260954/tools/bin/../lib/gcc/arm-none-eabi/10.3.1/thumb/v7-m/nofp/crtbegin.o
 .ARM.attributes
                0x000000000000004a       0x2d ./Core/Src/fsm.o
 .ARM.attributes
                0x0000000000000077       0x2d ./Core/Src/main.o
 .ARM.attributes
                0x00000000000000a4       0x2d ./Core/Src/stm32f1xx_hal_msp.o
 .ARM.attributes
                0x00000000000000d1       0x2d ./Core/Src/stm32f1xx_it.o
 .ARM.attributes
                0x00000000000000fe       0x2d ./Core/Src/sysmem.o
 .ARM.attributes
                0x000000000000012b       0x2d ./Core/Src/system_stm32f1xx.o
 .ARM.attributes
                0x0000000000000158       0x2d ./Core/Src/timer.o
 .ARM.attributes
                0x0000000000000185       0x21 ./Core/Startup/startup_stm32f103c6tx.o
 .ARM.attributes
                0x00000000000001a6       0x2d ./Drivers/STM32F1xx_HAL_Driver/Src/stm32f1xx_hal.o
 .ARM.attributes
                0x00000000000001d3       0x2d ./Drivers/STM32F1xx_HAL_Driver/Src/stm32f1xx_hal_adc.o
 .ARM.attributes
                0x0000000000000200       0x2d ./Drivers/STM32F1xx_HAL_Driver/Src/stm32f1xx_hal_cortex.o
 .ARM.attributes
                0x000000000000022d       0x2d ./Drivers/STM32F1xx_HAL_Driver/Src/stm32f1xx_hal_dma.o
 .ARM.attributes
                0x000000000000025a       0x2d ./Drivers/STM32F1xx_HAL_Driver/Src/stm32f1xx_hal_gpio.o
 .ARM.attributes
                0x0000000000000287       0x2d ./Drivers/STM32F1xx_HAL_Driver/Src/stm32f1xx_hal_rcc.o
 .ARM.attributes
                0x00000000000002b4       0x2d ./Drivers/STM32F1xx_HAL_Driver/Src/stm32f1xx_hal_rcc_ex.o
 .ARM.attributes
                0x00000000000002e1       0x2d ./Drivers/STM32F1xx_HAL_Driver/Src/stm32f1xx_hal_tim.o
 .ARM.attributes
                0x000000000000030e       0x2d ./Drivers/STM32F1xx_HAL_Driver/Src/stm32f1xx_hal_tim_ex.o
 .ARM.attributes
                0x000000000000033b       0x2d ./Drivers/STM32F1xx_HAL_Driver/Src/stm32f1xx_hal_uart.o
 .ARM.attributes
                0x0000000000000368       0x2d e:/stm32ide/stm32cubeide_1.11.0/stm32cubeide/plugins/com.st.stm32cube.ide.mcu.externaltools.gnu-tools-for-stm32.10.3-2021.10.win32_1.0.100.202210260954/tools/bin/../lib/gcc/arm-none-eabi/10.3.1/../../../../arm-none-eabi/lib/thumb/v7-m/nofp\libc_nano.a(lib_a-errno.o)
 .ARM.attributes
                0x0000000000000395       0x2d e:/stm32ide/stm32cubeide_1.11.0/stm32cubeide/plugins/com.st.stm32cube.ide.mcu.externaltools.gnu-tools-for-stm32.10.3-2021.10.win32_1.0.100.202210260954/tools/bin/../lib/gcc/arm-none-eabi/10.3.1/../../../../arm-none-eabi/lib/thumb/v7-m/nofp\libc_nano.a(lib_a-impure.o)
 .ARM.attributes
                0x00000000000003c2       0x2d e:/stm32ide/stm32cubeide_1.11.0/stm32cubeide/plugins/com.st.stm32cube.ide.mcu.externaltools.gnu-tools-for-stm32.10.3-2021.10.win32_1.0.100.202210260954/tools/bin/../lib/gcc/arm-none-eabi/10.3.1/../../../../arm-none-eabi/lib/thumb/v7-m/nofp\libc_nano.a(lib_a-init.o)
 .ARM.attributes
                0x00000000000003ef       0x2d e:/stm32ide/stm32cubeide_1.11.0/stm32cubeide/plugins/com.st.stm32cube.ide.mcu.externaltools.gnu-tools-for-stm32.10.3-2021.10.win32_1.0.100.202210260954/tools/bin/../lib/gcc/arm-none-eabi/10.3.1/../../../../arm-none-eabi/lib/thumb/v7-m/nofp\libc_nano.a(lib_a-memset.o)
 .ARM.attributes
                0x000000000000041c       0x2d e:/stm32ide/stm32cubeide_1.11.0/stm32cubeide/plugins/com.st.stm32cube.ide.mcu.externaltools.gnu-tools-for-stm32.10.3-2021.10.win32_1.0.100.202210260954/tools/bin/../lib/gcc/arm-none-eabi/10.3.1/../../../../arm-none-eabi/lib/thumb/v7-m/nofp\libc_nano.a(lib_a-sprintf.o)
 .ARM.attributes
                0x0000000000000449       0x17 e:/stm32ide/stm32cubeide_1.11.0/stm32cubeide/plugins/com.st.stm32cube.ide.mcu.externaltools.gnu-tools-for-stm32.10.3-2021.10.win32_1.0.100.202210260954/tools/bin/../lib/gcc/arm-none-eabi/10.3.1/../../../../arm-none-eabi/lib/thumb/v7-m/nofp\libc_nano.a(lib_a-strlen.o)
 .ARM.attributes
                0x0000000000000460       0x2d e:/stm32ide/stm32cubeide_1.11.0/stm32cubeide/plugins/com.st.stm32cube.ide.mcu.externaltools.gnu-tools-for-stm32.10.3-2021.10.win32_1.0.100.202210260954/tools/bin/../lib/gcc/arm-none-eabi/10.3.1/../../../../arm-none-eabi/lib/thumb/v7-m/nofp\libc_nano.a(lib_a-nano-svfprintf.o)
 .ARM.attributes
                0x000000000000048d       0x2d e:/stm32ide/stm32cubeide_1.11.0/stm32cubeide/plugins/com.st.stm32cube.ide.mcu.externaltools.gnu-tools-for-stm32.10.3-2021.10.win32_1.0.100.202210260954/tools/bin/../lib/gcc/arm-none-eabi/10.3.1/../../../../arm-none-eabi/lib/thumb/v7-m/nofp\libc_nano.a(lib_a-nano-vfprintf_i.o)
 .ARM.attributes
                0x00000000000004ba       0x2d e:/stm32ide/stm32cubeide_1.11.0/stm32cubeide/plugins/com.st.stm32cube.ide.mcu.externaltools.gnu-tools-for-stm32.10.3-2021.10.win32_1.0.100.202210260954/tools/bin/../lib/gcc/arm-none-eabi/10.3.1/../../../../arm-none-eabi/lib/thumb/v7-m/nofp\libc_nano.a(lib_a-memchr-stub.o)
 .ARM.attributes
                0x00000000000004e7       0x2d e:/stm32ide/stm32cubeide_1.11.0/stm32cubeide/plugins/com.st.stm32cube.ide.mcu.externaltools.gnu-tools-for-stm32.10.3-2021.10.win32_1.0.100.202210260954/tools/bin/../lib/gcc/arm-none-eabi/10.3.1/../../../../arm-none-eabi/lib/thumb/v7-m/nofp\libc_nano.a(lib_a-memcpy-stub.o)
 .ARM.attributes
                0x0000000000000514       0x2d e:/stm32ide/stm32cubeide_1.11.0/stm32cubeide/plugins/com.st.stm32cube.ide.mcu.externaltools.gnu-tools-for-stm32.10.3-2021.10.win32_1.0.100.202210260954/tools/bin/../lib/gcc/arm-none-eabi/10.3.1/../../../../arm-none-eabi/lib/thumb/v7-m/nofp\libc_nano.a(lib_a-memmove.o)
 .ARM.attributes
                0x0000000000000541       0x2d e:/stm32ide/stm32cubeide_1.11.0/stm32cubeide/plugins/com.st.stm32cube.ide.mcu.externaltools.gnu-tools-for-stm32.10.3-2021.10.win32_1.0.100.202210260954/tools/bin/../lib/gcc/arm-none-eabi/10.3.1/../../../../arm-none-eabi/lib/thumb/v7-m/nofp\libc_nano.a(lib_a-nano-freer.o)
 .ARM.attributes
                0x000000000000056e       0x2d e:/stm32ide/stm32cubeide_1.11.0/stm32cubeide/plugins/com.st.stm32cube.ide.mcu.externaltools.gnu-tools-for-stm32.10.3-2021.10.win32_1.0.100.202210260954/tools/bin/../lib/gcc/arm-none-eabi/10.3.1/../../../../arm-none-eabi/lib/thumb/v7-m/nofp\libc_nano.a(lib_a-nano-mallocr.o)
 .ARM.attributes
                0x000000000000059b       0x2d e:/stm32ide/stm32cubeide_1.11.0/stm32cubeide/plugins/com.st.stm32cube.ide.mcu.externaltools.gnu-tools-for-stm32.10.3-2021.10.win32_1.0.100.202210260954/tools/bin/../lib/gcc/arm-none-eabi/10.3.1/../../../../arm-none-eabi/lib/thumb/v7-m/nofp\libc_nano.a(lib_a-nano-reallocr.o)
 .ARM.attributes
                0x00000000000005c8       0x2d e:/stm32ide/stm32cubeide_1.11.0/stm32cubeide/plugins/com.st.stm32cube.ide.mcu.externaltools.gnu-tools-for-stm32.10.3-2021.10.win32_1.0.100.202210260954/tools/bin/../lib/gcc/arm-none-eabi/10.3.1/../../../../arm-none-eabi/lib/thumb/v7-m/nofp\libc_nano.a(lib_a-sbrkr.o)
 .ARM.attributes
                0x00000000000005f5       0x2d e:/stm32ide/stm32cubeide_1.11.0/stm32cubeide/plugins/com.st.stm32cube.ide.mcu.externaltools.gnu-tools-for-stm32.10.3-2021.10.win32_1.0.100.202210260954/tools/bin/../lib/gcc/arm-none-eabi/10.3.1/../../../../arm-none-eabi/lib/thumb/v7-m/nofp\libc_nano.a(lib_a-mlock.o)
 .ARM.attributes
                0x0000000000000622       0x2d e:/stm32ide/stm32cubeide_1.11.0/stm32cubeide/plugins/com.st.stm32cube.ide.mcu.externaltools.gnu-tools-for-stm32.10.3-2021.10.win32_1.0.100.202210260954/tools/bin/../lib/gcc/arm-none-eabi/10.3.1/../../../../arm-none-eabi/lib/thumb/v7-m/nofp\libc_nano.a(lib_a-nano-msizer.o)
 .ARM.attributes
                0x000000000000064f       0x2d e:/stm32ide/stm32cubeide_1.11.0/stm32cubeide/plugins/com.st.stm32cube.ide.mcu.externaltools.gnu-tools-for-stm32.10.3-2021.10.win32_1.0.100.202210260954/tools/bin/../lib/gcc/arm-none-eabi/10.3.1/../../../../arm-none-eabi/lib/thumb/v7-m/nofp\libc_nano.a(lib_a-reent.o)
 .ARM.attributes
                0x000000000000067c       0x2d e:/stm32ide/stm32cubeide_1.11.0/stm32cubeide/plugins/com.st.stm32cube.ide.mcu.externaltools.gnu-tools-for-stm32.10.3-2021.10.win32_1.0.100.202210260954/tools/bin/../lib/gcc/arm-none-eabi/10.3.1/../../../../arm-none-eabi/lib/thumb/v7-m/nofp\libc_nano.a(lib_a-lock.o)
 .ARM.attributes
                0x00000000000006a9       0x1d e:/stm32ide/stm32cubeide_1.11.0/stm32cubeide/plugins/com.st.stm32cube.ide.mcu.externaltools.gnu-tools-for-stm32.10.3-2021.10.win32_1.0.100.202210260954/tools/bin/../lib/gcc/arm-none-eabi/10.3.1/thumb/v7-m/nofp/crtn.o
OUTPUT(Lab5.elf elf32-littlearm)
LOAD linker stubs
LOAD e:/stm32ide/stm32cubeide_1.11.0/stm32cubeide/plugins/com.st.stm32cube.ide.mcu.externaltools.gnu-tools-for-stm32.10.3-2021.10.win32_1.0.100.202210260954/tools/bin/../lib/gcc/arm-none-eabi/10.3.1/../../../../arm-none-eabi/lib/thumb/v7-m/nofp\libc.a
LOAD e:/stm32ide/stm32cubeide_1.11.0/stm32cubeide/plugins/com.st.stm32cube.ide.mcu.externaltools.gnu-tools-for-stm32.10.3-2021.10.win32_1.0.100.202210260954/tools/bin/../lib/gcc/arm-none-eabi/10.3.1/../../../../arm-none-eabi/lib/thumb/v7-m/nofp\libm.a
LOAD e:/stm32ide/stm32cubeide_1.11.0/stm32cubeide/plugins/com.st.stm32cube.ide.mcu.externaltools.gnu-tools-for-stm32.10.3-2021.10.win32_1.0.100.202210260954/tools/bin/../lib/gcc/arm-none-eabi/10.3.1/thumb/v7-m/nofp\libgcc.a

.debug_info     0x0000000000000000     0xe7a0
 .debug_info    0x0000000000000000      0xac5 ./Core/Src/fsm.o
 .debug_info    0x0000000000000ac5     0x1241 ./Core/Src/main.o
 .debug_info    0x0000000000001d06      0xfb7 ./Core/Src/stm32f1xx_hal_msp.o
 .debug_info    0x0000000000002cbd      0x9b7 ./Core/Src/stm32f1xx_it.o
 .debug_info    0x0000000000003674      0x171 ./Core/Src/sysmem.o
 .debug_info    0x00000000000037e5      0x23d ./Core/Src/system_stm32f1xx.o
 .debug_info    0x0000000000003a22      0x17e ./Core/Src/timer.o
 .debug_info    0x0000000000003ba0       0x22 ./Core/Startup/startup_stm32f103c6tx.o
 .debug_info    0x0000000000003bc2      0x716 ./Drivers/STM32F1xx_HAL_Driver/Src/stm32f1xx_hal.o
 .debug_info    0x00000000000042d8      0xcfe ./Drivers/STM32F1xx_HAL_Driver/Src/stm32f1xx_hal_adc.o
 .debug_info    0x0000000000004fd6      0xb02 ./Drivers/STM32F1xx_HAL_Driver/Src/stm32f1xx_hal_cortex.o
 .debug_info    0x0000000000005ad8      0x744 ./Drivers/STM32F1xx_HAL_Driver/Src/stm32f1xx_hal_dma.o
 .debug_info    0x000000000000621c      0x615 ./Drivers/STM32F1xx_HAL_Driver/Src/stm32f1xx_hal_gpio.o
 .debug_info    0x0000000000006831      0x865 ./Drivers/STM32F1xx_HAL_Driver/Src/stm32f1xx_hal_rcc.o
 .debug_info    0x0000000000007096      0x3e6 ./Drivers/STM32F1xx_HAL_Driver/Src/stm32f1xx_hal_rcc_ex.o
 .debug_info    0x000000000000747c     0x2bab ./Drivers/STM32F1xx_HAL_Driver/Src/stm32f1xx_hal_tim.o
 .debug_info    0x000000000000a027     0x15c7 ./Drivers/STM32F1xx_HAL_Driver/Src/stm32f1xx_hal_tim_ex.o
 .debug_info    0x000000000000b5ee     0x31b2 ./Drivers/STM32F1xx_HAL_Driver/Src/stm32f1xx_hal_uart.o

.debug_abbrev   0x0000000000000000     0x21f1
 .debug_abbrev  0x0000000000000000      0x25d ./Core/Src/fsm.o
 .debug_abbrev  0x000000000000025d      0x2e7 ./Core/Src/main.o
 .debug_abbrev  0x0000000000000544      0x1cc ./Core/Src/stm32f1xx_hal_msp.o
 .debug_abbrev  0x0000000000000710      0x18b ./Core/Src/stm32f1xx_it.o
 .debug_abbrev  0x000000000000089b       0xbb ./Core/Src/sysmem.o
 .debug_abbrev  0x0000000000000956      0x13b ./Core/Src/system_stm32f1xx.o
 .debug_abbrev  0x0000000000000a91       0xc4 ./Core/Src/timer.o
 .debug_abbrev  0x0000000000000b55       0x12 ./Core/Startup/startup_stm32f103c6tx.o
 .debug_abbrev  0x0000000000000b67      0x1fb ./Drivers/STM32F1xx_HAL_Driver/Src/stm32f1xx_hal.o
 .debug_abbrev  0x0000000000000d62      0x210 ./Drivers/STM32F1xx_HAL_Driver/Src/stm32f1xx_hal_adc.o
 .debug_abbrev  0x0000000000000f72      0x2ed ./Drivers/STM32F1xx_HAL_Driver/Src/stm32f1xx_hal_cortex.o
 .debug_abbrev  0x000000000000125f      0x1fe ./Drivers/STM32F1xx_HAL_Driver/Src/stm32f1xx_hal_dma.o
 .debug_abbrev  0x000000000000145d      0x1bb ./Drivers/STM32F1xx_HAL_Driver/Src/stm32f1xx_hal_gpio.o
 .debug_abbrev  0x0000000000001618      0x2a8 ./Drivers/STM32F1xx_HAL_Driver/Src/stm32f1xx_hal_rcc.o
 .debug_abbrev  0x00000000000018c0      0x182 ./Drivers/STM32F1xx_HAL_Driver/Src/stm32f1xx_hal_rcc_ex.o
 .debug_abbrev  0x0000000000001a42      0x264 ./Drivers/STM32F1xx_HAL_Driver/Src/stm32f1xx_hal_tim.o
 .debug_abbrev  0x0000000000001ca6      0x26c ./Drivers/STM32F1xx_HAL_Driver/Src/stm32f1xx_hal_tim_ex.o
 .debug_abbrev  0x0000000000001f12      0x2df ./Drivers/STM32F1xx_HAL_Driver/Src/stm32f1xx_hal_uart.o

.debug_aranges  0x0000000000000000      0xdb8
 .debug_aranges
                0x0000000000000000       0x50 ./Core/Src/fsm.o
 .debug_aranges
                0x0000000000000050       0x58 ./Core/Src/main.o
 .debug_aranges
                0x00000000000000a8       0x50 ./Core/Src/stm32f1xx_hal_msp.o
 .debug_aranges
                0x00000000000000f8       0x70 ./Core/Src/stm32f1xx_it.o
 .debug_aranges
                0x0000000000000168       0x20 ./Core/Src/sysmem.o
 .debug_aranges
                0x0000000000000188       0x28 ./Core/Src/system_stm32f1xx.o
 .debug_aranges
                0x00000000000001b0       0x38 ./Core/Src/timer.o
 .debug_aranges
                0x00000000000001e8       0x28 ./Core/Startup/startup_stm32f103c6tx.o
 .debug_aranges
                0x0000000000000210       0xe0 ./Drivers/STM32F1xx_HAL_Driver/Src/stm32f1xx_hal.o
 .debug_aranges
                0x00000000000002f0       0xf0 ./Drivers/STM32F1xx_HAL_Driver/Src/stm32f1xx_hal_adc.o
 .debug_aranges
                0x00000000000003e0      0x100 ./Drivers/STM32F1xx_HAL_Driver/Src/stm32f1xx_hal_cortex.o
 .debug_aranges
                0x00000000000004e0       0x80 ./Drivers/STM32F1xx_HAL_Driver/Src/stm32f1xx_hal_dma.o
 .debug_aranges
                0x0000000000000560       0x58 ./Drivers/STM32F1xx_HAL_Driver/Src/stm32f1xx_hal_gpio.o
 .debug_aranges
                0x00000000000005b8       0x90 ./Drivers/STM32F1xx_HAL_Driver/Src/stm32f1xx_hal_rcc.o
 .debug_aranges
                0x0000000000000648       0x30 ./Drivers/STM32F1xx_HAL_Driver/Src/stm32f1xx_hal_rcc_ex.o
 .debug_aranges
                0x0000000000000678      0x3d0 ./Drivers/STM32F1xx_HAL_Driver/Src/stm32f1xx_hal_tim.o
 .debug_aranges
                0x0000000000000a48      0x168 ./Drivers/STM32F1xx_HAL_Driver/Src/stm32f1xx_hal_tim_ex.o
 .debug_aranges
                0x0000000000000bb0      0x208 ./Drivers/STM32F1xx_HAL_Driver/Src/stm32f1xx_hal_uart.o

.debug_ranges   0x0000000000000000      0xcd0
 .debug_ranges  0x0000000000000000       0x40 ./Core/Src/fsm.o
 .debug_ranges  0x0000000000000040       0x48 ./Core/Src/main.o
 .debug_ranges  0x0000000000000088       0x40 ./Core/Src/stm32f1xx_hal_msp.o
 .debug_ranges  0x00000000000000c8       0x60 ./Core/Src/stm32f1xx_it.o
 .debug_ranges  0x0000000000000128       0x10 ./Core/Src/sysmem.o
 .debug_ranges  0x0000000000000138       0x18 ./Core/Src/system_stm32f1xx.o
 .debug_ranges  0x0000000000000150       0x28 ./Core/Src/timer.o
 .debug_ranges  0x0000000000000178       0x20 ./Core/Startup/startup_stm32f103c6tx.o
 .debug_ranges  0x0000000000000198       0xd0 ./Drivers/STM32F1xx_HAL_Driver/Src/stm32f1xx_hal.o
 .debug_ranges  0x0000000000000268       0xe0 ./Drivers/STM32F1xx_HAL_Driver/Src/stm32f1xx_hal_adc.o
 .debug_ranges  0x0000000000000348       0xf0 ./Drivers/STM32F1xx_HAL_Driver/Src/stm32f1xx_hal_cortex.o
 .debug_ranges  0x0000000000000438       0x70 ./Drivers/STM32F1xx_HAL_Driver/Src/stm32f1xx_hal_dma.o
 .debug_ranges  0x00000000000004a8       0x48 ./Drivers/STM32F1xx_HAL_Driver/Src/stm32f1xx_hal_gpio.o
 .debug_ranges  0x00000000000004f0       0x80 ./Drivers/STM32F1xx_HAL_Driver/Src/stm32f1xx_hal_rcc.o
 .debug_ranges  0x0000000000000570       0x20 ./Drivers/STM32F1xx_HAL_Driver/Src/stm32f1xx_hal_rcc_ex.o
 .debug_ranges  0x0000000000000590      0x3c0 ./Drivers/STM32F1xx_HAL_Driver/Src/stm32f1xx_hal_tim.o
 .debug_ranges  0x0000000000000950      0x158 ./Drivers/STM32F1xx_HAL_Driver/Src/stm32f1xx_hal_tim_ex.o
 .debug_ranges  0x0000000000000aa8      0x228 ./Drivers/STM32F1xx_HAL_Driver/Src/stm32f1xx_hal_uart.o

.debug_macro    0x0000000000000000    0x1881a
 .debug_macro   0x0000000000000000      0x36c ./Core/Src/fsm.o
 .debug_macro   0x000000000000036c      0xa6c ./Core/Src/fsm.o
 .debug_macro   0x0000000000000dd8      0x221 ./Core/Src/fsm.o
 .debug_macro   0x0000000000000ff9       0x2e ./Core/Src/fsm.o
 .debug_macro   0x0000000000001027       0x22 ./Core/Src/fsm.o
 .debug_macro   0x0000000000001049       0x22 ./Core/Src/fsm.o
 .debug_macro   0x000000000000106b       0x8e ./Core/Src/fsm.o
 .debug_macro   0x00000000000010f9       0x51 ./Core/Src/fsm.o
 .debug_macro   0x000000000000114a      0x103 ./Core/Src/fsm.o
 .debug_macro   0x000000000000124d       0x6a ./Core/Src/fsm.o
 .debug_macro   0x00000000000012b7      0x1df ./Core/Src/fsm.o
 .debug_macro   0x0000000000001496       0x1c ./Core/Src/fsm.o
 .debug_macro   0x00000000000014b2       0x22 ./Core/Src/fsm.o
 .debug_macro   0x00000000000014d4       0xbd ./Core/Src/fsm.o
 .debug_macro   0x0000000000001591      0xd23 ./Core/Src/fsm.o
 .debug_macro   0x00000000000022b4     0xde75 ./Core/Src/fsm.o
 .debug_macro   0x0000000000010129       0x6d ./Core/Src/fsm.o
 .debug_macro   0x0000000000010196     0x348d ./Core/Src/fsm.o
 .debug_macro   0x0000000000013623      0x174 ./Core/Src/fsm.o
 .debug_macro   0x0000000000013797       0x5c ./Core/Src/fsm.o
 .debug_macro   0x00000000000137f3      0x5bc ./Core/Src/fsm.o
 .debug_macro   0x0000000000013daf      0x1b7 ./Core/Src/fsm.o
 .debug_macro   0x0000000000013f66      0x1cb ./Core/Src/fsm.o
 .debug_macro   0x0000000000014131      0x114 ./Core/Src/fsm.o
 .debug_macro   0x0000000000014245      0x1b2 ./Core/Src/fsm.o
 .debug_macro   0x00000000000143f7       0x27 ./Core/Src/fsm.o
 .debug_macro   0x000000000001441e      0x12f ./Core/Src/fsm.o
 .debug_macro   0x000000000001454d      0x1bc ./Core/Src/fsm.o
 .debug_macro   0x0000000000014709       0x34 ./Core/Src/fsm.o
 .debug_macro   0x000000000001473d       0x3c ./Core/Src/fsm.o
 .debug_macro   0x0000000000014779       0x57 ./Core/Src/fsm.o
 .debug_macro   0x00000000000147d0      0x46a ./Core/Src/fsm.o
 .debug_macro   0x0000000000014c3a      0x1b5 ./Core/Src/fsm.o
 .debug_macro   0x0000000000014def       0x87 ./Core/Src/fsm.o
 .debug_macro   0x0000000000014e76      0x183 ./Core/Src/fsm.o
 .debug_macro   0x0000000000014ff9      0x140 ./Core/Src/fsm.o
 .debug_macro   0x0000000000015139      0x8ed ./Core/Src/fsm.o
 .debug_macro   0x0000000000015a26      0x28e ./Core/Src/fsm.o
 .debug_macro   0x0000000000015cb4       0x69 ./Core/Src/fsm.o
 .debug_macro   0x0000000000015d1d       0x10 ./Core/Src/fsm.o
 .debug_macro   0x0000000000015d2d       0x52 ./Core/Src/fsm.o
 .debug_macro   0x0000000000015d7f       0x18 ./Core/Src/fsm.o
 .debug_macro   0x0000000000015d97       0x3c ./Core/Src/fsm.o
 .debug_macro   0x0000000000015dd3       0x34 ./Core/Src/fsm.o
 .debug_macro   0x0000000000015e07       0x16 ./Core/Src/fsm.o
 .debug_macro   0x0000000000015e1d       0x43 ./Core/Src/fsm.o
 .debug_macro   0x0000000000015e60       0x34 ./Core/Src/fsm.o
 .debug_macro   0x0000000000015e94       0x10 ./Core/Src/fsm.o
 .debug_macro   0x0000000000015ea4       0x58 ./Core/Src/fsm.o
 .debug_macro   0x0000000000015efc       0x71 ./Core/Src/fsm.o
 .debug_macro   0x0000000000015f6d       0x1c ./Core/Src/fsm.o
 .debug_macro   0x0000000000015f89      0x12a ./Core/Src/fsm.o
 .debug_macro   0x00000000000160b3      0x341 ./Core/Src/fsm.o
 .debug_macro   0x00000000000163f4       0x10 ./Core/Src/fsm.o
 .debug_macro   0x0000000000016404       0x35 ./Core/Src/fsm.o
 .debug_macro   0x0000000000016439       0x20 ./Core/Src/fsm.o
 .debug_macro   0x0000000000016459       0x1c ./Core/Src/fsm.o
 .debug_macro   0x0000000000016475       0x10 ./Core/Src/fsm.o
 .debug_macro   0x0000000000016485       0x10 ./Core/Src/fsm.o
 .debug_macro   0x0000000000016495       0x1c ./Core/Src/fsm.o
 .debug_macro   0x00000000000164b1       0x52 ./Core/Src/fsm.o
 .debug_macro   0x0000000000016503       0x22 ./Core/Src/fsm.o
 .debug_macro   0x0000000000016525       0x10 ./Core/Src/fsm.o
 .debug_macro   0x0000000000016535       0x52 ./Core/Src/fsm.o
 .debug_macro   0x0000000000016587       0xd5 ./Core/Src/fsm.o
 .debug_macro   0x000000000001665c       0x1c ./Core/Src/fsm.o
 .debug_macro   0x0000000000016678       0x3d ./Core/Src/fsm.o
 .debug_macro   0x00000000000166b5       0x16 ./Core/Src/fsm.o
 .debug_macro   0x00000000000166cb      0x145 ./Core/Src/fsm.o
 .debug_macro   0x0000000000016810       0x22 ./Core/Src/fsm.o
 .debug_macro   0x0000000000016832      0x37a ./Core/Src/main.o
 .debug_macro   0x0000000000016bac       0x16 ./Core/Src/main.o
 .debug_macro   0x0000000000016bc2       0x1c ./Core/Src/main.o
 .debug_macro   0x0000000000016bde       0x16 ./Core/Src/main.o
 .debug_macro   0x0000000000016bf4      0x1c4 ./Core/Src/stm32f1xx_hal_msp.o
 .debug_macro   0x0000000000016db8      0x1ce ./Core/Src/stm32f1xx_it.o
 .debug_macro   0x0000000000016f86       0xff ./Core/Src/sysmem.o
 .debug_macro   0x0000000000017085      0x23b ./Core/Src/sysmem.o
 .debug_macro   0x00000000000172c0      0x1b5 ./Core/Src/system_stm32f1xx.o
 .debug_macro   0x0000000000017475      0x1d3 ./Core/Src/timer.o
 .debug_macro   0x0000000000017648      0x1d9 ./Drivers/STM32F1xx_HAL_Driver/Src/stm32f1xx_hal.o
 .debug_macro   0x0000000000017821      0x1d2 ./Drivers/STM32F1xx_HAL_Driver/Src/stm32f1xx_hal_adc.o
 .debug_macro   0x00000000000179f3      0x1b5 ./Drivers/STM32F1xx_HAL_Driver/Src/stm32f1xx_hal_cortex.o
 .debug_macro   0x0000000000017ba8      0x1b5 ./Drivers/STM32F1xx_HAL_Driver/Src/stm32f1xx_hal_dma.o
 .debug_macro   0x0000000000017d5d      0x220 ./Drivers/STM32F1xx_HAL_Driver/Src/stm32f1xx_hal_gpio.o
 .debug_macro   0x0000000000017f7d      0x1c7 ./Drivers/STM32F1xx_HAL_Driver/Src/stm32f1xx_hal_rcc.o
 .debug_macro   0x0000000000018144      0x1b5 ./Drivers/STM32F1xx_HAL_Driver/Src/stm32f1xx_hal_rcc_ex.o
 .debug_macro   0x00000000000182f9      0x1b6 ./Drivers/STM32F1xx_HAL_Driver/Src/stm32f1xx_hal_tim.o
 .debug_macro   0x00000000000184af      0x1b5 ./Drivers/STM32F1xx_HAL_Driver/Src/stm32f1xx_hal_tim_ex.o
 .debug_macro   0x0000000000018664      0x1b6 ./Drivers/STM32F1xx_HAL_Driver/Src/stm32f1xx_hal_uart.o

.debug_line     0x0000000000000000    0x10002
 .debug_line    0x0000000000000000      0xaa6 ./Core/Src/fsm.o
 .debug_line    0x0000000000000aa6      0xa89 ./Core/Src/main.o
 .debug_line    0x000000000000152f      0x799 ./Core/Src/stm32f1xx_hal_msp.o
 .debug_line    0x0000000000001cc8      0x7b5 ./Core/Src/stm32f1xx_it.o
 .debug_line    0x000000000000247d      0x512 ./Core/Src/sysmem.o
 .debug_line    0x000000000000298f      0x741 ./Core/Src/system_stm32f1xx.o
 .debug_line    0x00000000000030d0      0x72a ./Core/Src/timer.o
 .debug_line    0x00000000000037fa       0x86 ./Core/Startup/startup_stm32f103c6tx.o
 .debug_line    0x0000000000003880      0x96e ./Drivers/STM32F1xx_HAL_Driver/Src/stm32f1xx_hal.o
 .debug_line    0x00000000000041ee      0xff3 ./Drivers/STM32F1xx_HAL_Driver/Src/stm32f1xx_hal_adc.o
 .debug_line    0x00000000000051e1      0xb56 ./Drivers/STM32F1xx_HAL_Driver/Src/stm32f1xx_hal_cortex.o
 .debug_line    0x0000000000005d37      0xdc7 ./Drivers/STM32F1xx_HAL_Driver/Src/stm32f1xx_hal_dma.o
 .debug_line    0x0000000000006afe      0x9f2 ./Drivers/STM32F1xx_HAL_Driver/Src/stm32f1xx_hal_gpio.o
 .debug_line    0x00000000000074f0      0xd7a ./Drivers/STM32F1xx_HAL_Driver/Src/stm32f1xx_hal_rcc.o
 .debug_line    0x000000000000826a      0x8b5 ./Drivers/STM32F1xx_HAL_Driver/Src/stm32f1xx_hal_rcc_ex.o
 .debug_line    0x0000000000008b1f     0x33b0 ./Drivers/STM32F1xx_HAL_Driver/Src/stm32f1xx_hal_tim.o
 .debug_line    0x000000000000becf     0x1894 ./Drivers/STM32F1xx_HAL_Driver/Src/stm32f1xx_hal_tim_ex.o
 .debug_line    0x000000000000d763     0x289f ./Drivers/STM32F1xx_HAL_Driver/Src/stm32f1xx_hal_uart.o

.debug_str      0x0000000000000000    0x8d697
 .debug_str     0x0000000000000000    0x89c1e ./Core/Src/fsm.o
                                      0x8a021 (size before relaxing)
 .debug_str     0x0000000000089c1e      0x733 ./Core/Src/main.o
                                      0x8a65a (size before relaxing)
 .debug_str     0x000000000008a351      0x32d ./Core/Src/stm32f1xx_hal_msp.o
                                      0x8671f (size before relaxing)
 .debug_str     0x000000000008a67e      0x112 ./Core/Src/stm32f1xx_it.o
                                      0x862d6 (size before relaxing)
 .debug_str     0x000000000008a790      0x4da ./Core/Src/sysmem.o
                                       0x5d45 (size before relaxing)
 .debug_str     0x000000000008ac6a       0x7e ./Core/Src/system_stm32f1xx.o
                                      0x85b84 (size before relaxing)
 .debug_str     0x000000000008ace8       0x2e ./Core/Src/timer.o
                                      0x85b91 (size before relaxing)
 .debug_str     0x000000000008ad16       0x36 ./Core/Startup/startup_stm32f103c6tx.o
                                         0x5f (size before relaxing)
 .debug_str     0x000000000008ad4c      0x38e ./Drivers/STM32F1xx_HAL_Driver/Src/stm32f1xx_hal.o
                                      0x8627d (size before relaxing)
 .debug_str     0x000000000008b0da      0x36f ./Drivers/STM32F1xx_HAL_Driver/Src/stm32f1xx_hal_adc.o
                                      0x86268 (size before relaxing)
 .debug_str     0x000000000008b449      0x29e ./Drivers/STM32F1xx_HAL_Driver/Src/stm32f1xx_hal_cortex.o
                                      0x861c9 (size before relaxing)
 .debug_str     0x000000000008b6e7      0x211 ./Drivers/STM32F1xx_HAL_Driver/Src/stm32f1xx_hal_dma.o
                                      0x85f2d (size before relaxing)
 .debug_str     0x000000000008b8f8      0x305 ./Drivers/STM32F1xx_HAL_Driver/Src/stm32f1xx_hal_gpio.o
                                      0x85f0a (size before relaxing)
 .debug_str     0x000000000008bbfd      0x229 ./Drivers/STM32F1xx_HAL_Driver/Src/stm32f1xx_hal_rcc.o
                                      0x85fb3 (size before relaxing)
 .debug_str     0x000000000008be26       0x84 ./Drivers/STM32F1xx_HAL_Driver/Src/stm32f1xx_hal_rcc_ex.o
                                      0x85d03 (size before relaxing)
 .debug_str     0x000000000008beaa      0xd95 ./Drivers/STM32F1xx_HAL_Driver/Src/stm32f1xx_hal_tim.o
                                      0x86fa5 (size before relaxing)
 .debug_str     0x000000000008cc3f      0x493 ./Drivers/STM32F1xx_HAL_Driver/Src/stm32f1xx_hal_tim_ex.o
                                      0x867c1 (size before relaxing)
 .debug_str     0x000000000008d0d2      0x5c5 ./Drivers/STM32F1xx_HAL_Driver/Src/stm32f1xx_hal_uart.o
                                      0x86624 (size before relaxing)

.comment        0x0000000000000000       0x50
 .comment       0x0000000000000000       0x50 ./Core/Src/fsm.o
                                         0x51 (size before relaxing)
 .comment       0x0000000000000050       0x51 ./Core/Src/main.o
 .comment       0x0000000000000050       0x51 ./Core/Src/stm32f1xx_hal_msp.o
 .comment       0x0000000000000050       0x51 ./Core/Src/stm32f1xx_it.o
 .comment       0x0000000000000050       0x51 ./Core/Src/sysmem.o
 .comment       0x0000000000000050       0x51 ./Core/Src/system_stm32f1xx.o
 .comment       0x0000000000000050       0x51 ./Core/Src/timer.o
 .comment       0x0000000000000050       0x51 ./Drivers/STM32F1xx_HAL_Driver/Src/stm32f1xx_hal.o
 .comment       0x0000000000000050       0x51 ./Drivers/STM32F1xx_HAL_Driver/Src/stm32f1xx_hal_adc.o
 .comment       0x0000000000000050       0x51 ./Drivers/STM32F1xx_HAL_Driver/Src/stm32f1xx_hal_cortex.o
 .comment       0x0000000000000050       0x51 ./Drivers/STM32F1xx_HAL_Driver/Src/stm32f1xx_hal_dma.o
 .comment       0x0000000000000050       0x51 ./Drivers/STM32F1xx_HAL_Driver/Src/stm32f1xx_hal_gpio.o
 .comment       0x0000000000000050       0x51 ./Drivers/STM32F1xx_HAL_Driver/Src/stm32f1xx_hal_rcc.o
 .comment       0x0000000000000050       0x51 ./Drivers/STM32F1xx_HAL_Driver/Src/stm32f1xx_hal_rcc_ex.o
 .comment       0x0000000000000050       0x51 ./Drivers/STM32F1xx_HAL_Driver/Src/stm32f1xx_hal_tim.o
 .comment       0x0000000000000050       0x51 ./Drivers/STM32F1xx_HAL_Driver/Src/stm32f1xx_hal_tim_ex.o
 .comment       0x0000000000000050       0x51 ./Drivers/STM32F1xx_HAL_Driver/Src/stm32f1xx_hal_uart.o

.debug_frame    0x0000000000000000     0x3c9c
 .debug_frame   0x0000000000000000       0xfc ./Core/Src/fsm.o
 .debug_frame   0x00000000000000fc      0x114 ./Core/Src/main.o
 .debug_frame   0x0000000000000210      0x110 ./Core/Src/stm32f1xx_hal_msp.o
 .debug_frame   0x0000000000000320      0x13c ./Core/Src/stm32f1xx_it.o
 .debug_frame   0x000000000000045c       0x34 ./Core/Src/sysmem.o
 .debug_frame   0x0000000000000490       0x58 ./Core/Src/system_stm32f1xx.o
 .debug_frame   0x00000000000004e8       0xa4 ./Core/Src/timer.o
 .debug_frame   0x000000000000058c      0x334 ./Drivers/STM32F1xx_HAL_Driver/Src/stm32f1xx_hal.o
 .debug_frame   0x00000000000008c0      0x40c ./Drivers/STM32F1xx_HAL_Driver/Src/stm32f1xx_hal_adc.o
 .debug_frame   0x0000000000000ccc      0x428 ./Drivers/STM32F1xx_HAL_Driver/Src/stm32f1xx_hal_cortex.o
 .debug_frame   0x00000000000010f4      0x208 ./Drivers/STM32F1xx_HAL_Driver/Src/stm32f1xx_hal_dma.o
 .debug_frame   0x00000000000012fc      0x14c ./Drivers/STM32F1xx_HAL_Driver/Src/stm32f1xx_hal_gpio.o
 .debug_frame   0x0000000000001448      0x218 ./Drivers/STM32F1xx_HAL_Driver/Src/stm32f1xx_hal_rcc.o
 .debug_frame   0x0000000000001660       0x80 ./Drivers/STM32F1xx_HAL_Driver/Src/stm32f1xx_hal_rcc_ex.o
 .debug_frame   0x00000000000016e0     0x11b8 ./Drivers/STM32F1xx_HAL_Driver/Src/stm32f1xx_hal_tim.o
 .debug_frame   0x0000000000002898      0x638 ./Drivers/STM32F1xx_HAL_Driver/Src/stm32f1xx_hal_tim_ex.o
 .debug_frame   0x0000000000002ed0      0x944 ./Drivers/STM32F1xx_HAL_Driver/Src/stm32f1xx_hal_uart.o
 .debug_frame   0x0000000000003814       0x20 e:/stm32ide/stm32cubeide_1.11.0/stm32cubeide/plugins/com.st.stm32cube.ide.mcu.externaltools.gnu-tools-for-stm32.10.3-2021.10.win32_1.0.100.202210260954/tools/bin/../lib/gcc/arm-none-eabi/10.3.1/../../../../arm-none-eabi/lib/thumb/v7-m/nofp\libc_nano.a(lib_a-errno.o)
 .debug_frame   0x0000000000003834       0x2c e:/stm32ide/stm32cubeide_1.11.0/stm32cubeide/plugins/com.st.stm32cube.ide.mcu.externaltools.gnu-tools-for-stm32.10.3-2021.10.win32_1.0.100.202210260954/tools/bin/../lib/gcc/arm-none-eabi/10.3.1/../../../../arm-none-eabi/lib/thumb/v7-m/nofp\libc_nano.a(lib_a-init.o)
 .debug_frame   0x0000000000003860       0x20 e:/stm32ide/stm32cubeide_1.11.0/stm32cubeide/plugins/com.st.stm32cube.ide.mcu.externaltools.gnu-tools-for-stm32.10.3-2021.10.win32_1.0.100.202210260954/tools/bin/../lib/gcc/arm-none-eabi/10.3.1/../../../../arm-none-eabi/lib/thumb/v7-m/nofp\libc_nano.a(lib_a-memset.o)
 .debug_frame   0x0000000000003880       0x6c e:/stm32ide/stm32cubeide_1.11.0/stm32cubeide/plugins/com.st.stm32cube.ide.mcu.externaltools.gnu-tools-for-stm32.10.3-2021.10.win32_1.0.100.202210260954/tools/bin/../lib/gcc/arm-none-eabi/10.3.1/../../../../arm-none-eabi/lib/thumb/v7-m/nofp\libc_nano.a(lib_a-sprintf.o)
 .debug_frame   0x00000000000038ec       0x90 e:/stm32ide/stm32cubeide_1.11.0/stm32cubeide/plugins/com.st.stm32cube.ide.mcu.externaltools.gnu-tools-for-stm32.10.3-2021.10.win32_1.0.100.202210260954/tools/bin/../lib/gcc/arm-none-eabi/10.3.1/../../../../arm-none-eabi/lib/thumb/v7-m/nofp\libc_nano.a(lib_a-nano-svfprintf.o)
 .debug_frame   0x000000000000397c       0x60 e:/stm32ide/stm32cubeide_1.11.0/stm32cubeide/plugins/com.st.stm32cube.ide.mcu.externaltools.gnu-tools-for-stm32.10.3-2021.10.win32_1.0.100.202210260954/tools/bin/../lib/gcc/arm-none-eabi/10.3.1/../../../../arm-none-eabi/lib/thumb/v7-m/nofp\libc_nano.a(lib_a-nano-vfprintf_i.o)
 .debug_frame   0x00000000000039dc       0x28 e:/stm32ide/stm32cubeide_1.11.0/stm32cubeide/plugins/com.st.stm32cube.ide.mcu.externaltools.gnu-tools-for-stm32.10.3-2021.10.win32_1.0.100.202210260954/tools/bin/../lib/gcc/arm-none-eabi/10.3.1/../../../../arm-none-eabi/lib/thumb/v7-m/nofp\libc_nano.a(lib_a-memchr-stub.o)
 .debug_frame   0x0000000000003a04       0x28 e:/stm32ide/stm32cubeide_1.11.0/stm32cubeide/plugins/com.st.stm32cube.ide.mcu.externaltools.gnu-tools-for-stm32.10.3-2021.10.win32_1.0.100.202210260954/tools/bin/../lib/gcc/arm-none-eabi/10.3.1/../../../../arm-none-eabi/lib/thumb/v7-m/nofp\libc_nano.a(lib_a-memcpy-stub.o)
 .debug_frame   0x0000000000003a2c       0x28 e:/stm32ide/stm32cubeide_1.11.0/stm32cubeide/plugins/com.st.stm32cube.ide.mcu.externaltools.gnu-tools-for-stm32.10.3-2021.10.win32_1.0.100.202210260954/tools/bin/../lib/gcc/arm-none-eabi/10.3.1/../../../../arm-none-eabi/lib/thumb/v7-m/nofp\libc_nano.a(lib_a-memmove.o)
 .debug_frame   0x0000000000003a54       0x38 e:/stm32ide/stm32cubeide_1.11.0/stm32cubeide/plugins/com.st.stm32cube.ide.mcu.externaltools.gnu-tools-for-stm32.10.3-2021.10.win32_1.0.100.202210260954/tools/bin/../lib/gcc/arm-none-eabi/10.3.1/../../../../arm-none-eabi/lib/thumb/v7-m/nofp\libc_nano.a(lib_a-nano-freer.o)
 .debug_frame   0x0000000000003a8c       0x4c e:/stm32ide/stm32cubeide_1.11.0/stm32cubeide/plugins/com.st.stm32cube.ide.mcu.externaltools.gnu-tools-for-stm32.10.3-2021.10.win32_1.0.100.202210260954/tools/bin/../lib/gcc/arm-none-eabi/10.3.1/../../../../arm-none-eabi/lib/thumb/v7-m/nofp\libc_nano.a(lib_a-nano-mallocr.o)
 .debug_frame   0x0000000000003ad8       0x3c e:/stm32ide/stm32cubeide_1.11.0/stm32cubeide/plugins/com.st.stm32cube.ide.mcu.externaltools.gnu-tools-for-stm32.10.3-2021.10.win32_1.0.100.202210260954/tools/bin/../lib/gcc/arm-none-eabi/10.3.1/../../../../arm-none-eabi/lib/thumb/v7-m/nofp\libc_nano.a(lib_a-nano-reallocr.o)
 .debug_frame   0x0000000000003b14       0x2c e:/stm32ide/stm32cubeide_1.11.0/stm32cubeide/plugins/com.st.stm32cube.ide.mcu.externaltools.gnu-tools-for-stm32.10.3-2021.10.win32_1.0.100.202210260954/tools/bin/../lib/gcc/arm-none-eabi/10.3.1/../../../../arm-none-eabi/lib/thumb/v7-m/nofp\libc_nano.a(lib_a-sbrkr.o)
 .debug_frame   0x0000000000003b40       0x30 e:/stm32ide/stm32cubeide_1.11.0/stm32cubeide/plugins/com.st.stm32cube.ide.mcu.externaltools.gnu-tools-for-stm32.10.3-2021.10.win32_1.0.100.202210260954/tools/bin/../lib/gcc/arm-none-eabi/10.3.1/../../../../arm-none-eabi/lib/thumb/v7-m/nofp\libc_nano.a(lib_a-mlock.o)
 .debug_frame   0x0000000000003b70       0x20 e:/stm32ide/stm32cubeide_1.11.0/stm32cubeide/plugins/com.st.stm32cube.ide.mcu.externaltools.gnu-tools-for-stm32.10.3-2021.10.win32_1.0.100.202210260954/tools/bin/../lib/gcc/arm-none-eabi/10.3.1/../../../../arm-none-eabi/lib/thumb/v7-m/nofp\libc_nano.a(lib_a-nano-msizer.o)
 .debug_frame   0x0000000000003b90       0x5c e:/stm32ide/stm32cubeide_1.11.0/stm32cubeide/plugins/com.st.stm32cube.ide.mcu.externaltools.gnu-tools-for-stm32.10.3-2021.10.win32_1.0.100.202210260954/tools/bin/../lib/gcc/arm-none-eabi/10.3.1/../../../../arm-none-eabi/lib/thumb/v7-m/nofp\libc_nano.a(lib_a-reent.o)
 .debug_frame   0x0000000000003bec       0xb0 e:/stm32ide/stm32cubeide_1.11.0/stm32cubeide/plugins/com.st.stm32cube.ide.mcu.externaltools.gnu-tools-for-stm32.10.3-2021.10.win32_1.0.100.202210260954/tools/bin/../lib/gcc/arm-none-eabi/10.3.1/../../../../arm-none-eabi/lib/thumb/v7-m/nofp\libc_nano.a(lib_a-lock.o)
